kotlin version: 2.2.21
error message: java.lang.RuntimeException: Exception while generating code for:
FUN name:BaseAsyncImage visibility:public modality:FINAL returnType:kotlin.Unit
  VALUE_PARAMETER kind:Regular name:modifier index:0 type:androidx.compose.ui.Modifier
    EXPRESSION_BODY
      ERROR_EXPR 'Default Stub' type=androidx.compose.ui.Modifier
  VALUE_PARAMETER kind:Regular name:url index:1 type:kotlin.String
  VALUE_PARAMETER kind:Regular name:contentDescription index:2 type:kotlin.String
    EXPRESSION_BODY
      ERROR_EXPR 'Default Stub' type=kotlin.String
  VALUE_PARAMETER kind:Regular name:contentScale index:3 type:androidx.compose.ui.layout.ContentScale
    EXPRESSION_BODY
      ERROR_EXPR 'Default Stub' type=androidx.compose.ui.layout.ContentScale
  VALUE_PARAMETER kind:Regular name:placeholderRes index:4 type:kotlin.Int
    EXPRESSION_BODY
      ERROR_EXPR 'Default Stub' type=kotlin.Int
  VALUE_PARAMETER kind:Regular name:errorRes index:5 type:kotlin.Int
    EXPRESSION_BODY
      ERROR_EXPR 'Default Stub' type=kotlin.Int
  VALUE_PARAMETER kind:Regular name:clipShape index:6 type:androidx.compose.foundation.shape.RoundedCornerShape
    EXPRESSION_BODY
      ERROR_EXPR 'Default Stub' type=androidx.compose.foundation.shape.RoundedCornerShape
  annotations:
    Composable
  BLOCK_BODY
    BLOCK type=kotlin.Unit origin=ARGUMENTS_REORDERING_FOR_CALL
      VAR IR_TEMPORARY_VARIABLE name:tmp0_model type:coil.request.ImageRequest [val]
        CALL 'public final fun build (): coil.request.ImageRequest declared in coil.request.ImageRequest.Builder' type=coil.request.ImageRequest origin=null
          ARG <this>: CALL 'public final fun crossfade (enable: kotlin.Boolean): coil.request.ImageRequest.Builder declared in coil.request.ImageRequest.Builder' type=coil.request.ImageRequest.Builder origin=null
            ARG <this>: CALL 'public final fun data (data: kotlin.Any?): coil.request.ImageRequest.Builder declared in coil.request.ImageRequest.Builder' type=coil.request.ImageRequest.Builder origin=null
              ARG <this>: CONSTRUCTOR_CALL 'public constructor <init> (context: android.content.Context) declared in coil.request.ImageRequest.Builder' type=coil.request.ImageRequest.Builder origin=null
                ARG context: CALL 'public final fun <get-current> (): T of androidx.compose.runtime.CompositionLocal [inline] declared in androidx.compose.runtime.CompositionLocal' type=android.content.Context origin=GET_PROPERTY
                  ARG <this>: TYPE_OP type=androidx.compose.runtime.CompositionLocal<T of androidx.compose.runtime.CompositionLocal> origin=IMPLICIT_CAST typeOperand=androidx.compose.runtime.CompositionLocal<T of androidx.compose.runtime.CompositionLocal>
                    CALL 'public final fun <get-LocalContext> (): androidx.compose.runtime.ProvidableCompositionLocal<android.content.Context> declared in androidx.compose.ui.platform.AndroidCompositionLocals_androidKt' type=androidx.compose.runtime.ProvidableCompositionLocal<android.content.Context> origin=GET_PROPERTY
              ARG data: GET_VAR 'url: kotlin.String declared in com.tbc.core.presentation.base.BaseAsyncImageKt.BaseAsyncImage' type=kotlin.String origin=null
            ARG enable: CONST Boolean type=kotlin.Boolean value=true
      VAR IR_TEMPORARY_VARIABLE name:tmp1_placeholder type:androidx.compose.ui.graphics.painter.Painter [val]
        CALL 'public final fun painterResource (id: kotlin.Int): androidx.compose.ui.graphics.painter.Painter declared in androidx.compose.ui.res.PainterResources_androidKt' type=androidx.compose.ui.graphics.painter.Painter origin=null
          ARG id: GET_VAR 'placeholderRes: kotlin.Int declared in com.tbc.core.presentation.base.BaseAsyncImageKt.BaseAsyncImage' type=kotlin.Int origin=null
      VAR IR_TEMPORARY_VARIABLE name:tmp2_error type:androidx.compose.ui.graphics.painter.Painter [val]
        CALL 'public final fun painterResource (id: kotlin.Int): androidx.compose.ui.graphics.painter.Painter declared in androidx.compose.ui.res.PainterResources_androidKt' type=androidx.compose.ui.graphics.painter.Painter origin=null
          ARG id: GET_VAR 'errorRes: kotlin.Int declared in com.tbc.core.presentation.base.BaseAsyncImageKt.BaseAsyncImage' type=kotlin.Int origin=null
      VAR IR_TEMPORARY_VARIABLE name:tmp3_modifier type:androidx.compose.ui.Modifier [val]
        CALL 'public final fun clip (<this>: androidx.compose.ui.Modifier, shape: androidx.compose.ui.graphics.Shape): androidx.compose.ui.Modifier declared in androidx.compose.ui.draw.ClipKt' type=androidx.compose.ui.Modifier origin=null
          ARG <this>: GET_VAR 'modifier: androidx.compose.ui.Modifier declared in com.tbc.core.presentation.base.BaseAsyncImageKt.BaseAsyncImage' type=androidx.compose.ui.Modifier origin=null
          ARG shape: GET_VAR 'clipShape: androidx.compose.foundation.shape.RoundedCornerShape declared in com.tbc.core.presentation.base.BaseAsyncImageKt.BaseAsyncImage' type=androidx.compose.foundation.shape.RoundedCornerShape origin=null
      CALL 'public final fun AsyncImage-DHY6HpQ$default (model: kotlin.Any?, contentDescription: kotlin.String?, modifier: androidx.compose.ui.Modifier?, placeholder: androidx.compose.ui.graphics.painter.Painter?, error: androidx.compose.ui.graphics.painter.Painter?, fallback: androidx.compose.ui.graphics.painter.Painter?, onLoading: kotlin.Function1<coil.compose.AsyncImagePainter.State.Loading, kotlin.Unit>?, onSuccess: kotlin.Function1<coil.compose.AsyncImagePainter.State.Success, kotlin.Unit>?, onError: kotlin.Function1<coil.compose.AsyncImagePainter.State.Error, kotlin.Unit>?, alignment: androidx.compose.ui.Alignment?, contentScale: androidx.compose.ui.layout.ContentScale?, alpha: kotlin.Float, colorFilter: androidx.compose.ui.graphics.ColorFilter?, $v$c$androidx-compose-ui-graphics-FilterQuality$-filterQuality$0: androidx.compose.ui.graphics.FilterQuality, clipToBounds: kotlin.Boolean, modelEqualityDelegate: coil.compose.EqualityDelegate?, $mask0: kotlin.Int, $handler: kotlin.Any?): kotlin.Unit declared in coil.compose.SingletonAsyncImageKt' type=kotlin.Unit origin=DEFAULT_DISPATCH_CALL
        ARG model: GET_VAR 'val tmp0_model: coil.request.ImageRequest [val] declared in com.tbc.core.presentation.base.BaseAsyncImageKt.BaseAsyncImage' type=coil.request.ImageRequest origin=null
        ARG contentDescription: GET_VAR 'contentDescription: kotlin.String declared in com.tbc.core.presentation.base.BaseAsyncImageKt.BaseAsyncImage' type=kotlin.String origin=null
        ARG modifier: GET_VAR 'val tmp3_modifier: androidx.compose.ui.Modifier [val] declared in com.tbc.core.presentation.base.BaseAsyncImageKt.BaseAsyncImage' type=androidx.compose.ui.Modifier origin=null
        ARG placeholder: GET_VAR 'val tmp1_placeholder: androidx.compose.ui.graphics.painter.Painter [val] declared in com.tbc.core.presentation.base.BaseAsyncImageKt.BaseAsyncImage' type=androidx.compose.ui.graphics.painter.Painter origin=null
        ARG error: GET_VAR 'val tmp2_error: androidx.compose.ui.graphics.painter.Painter [val] declared in com.tbc.core.presentation.base.BaseAsyncImageKt.BaseAsyncImage' type=androidx.compose.ui.graphics.painter.Painter origin=null
        ARG fallback: COMPOSITE type=androidx.compose.ui.graphics.painter.Painter? origin=DEFAULT_VALUE
          CONST Null type=androidx.compose.ui.graphics.painter.Painter? value=null
        ARG onLoading: COMPOSITE type=kotlin.Function1<coil.compose.AsyncImagePainter.State.Loading, kotlin.Unit>? origin=DEFAULT_VALUE
          CONST Null type=kotlin.Function1<coil.compose.AsyncImagePainter.State.Loading, kotlin.Unit>? value=null
        ARG onSuccess: COMPOSITE type=kotlin.Function1<coil.compose.AsyncImagePainter.State.Success, kotlin.Unit>? origin=DEFAULT_VALUE
          CONST Null type=kotlin.Function1<coil.compose.AsyncImagePainter.State.Success, kotlin.Unit>? value=null
        ARG onError: COMPOSITE type=kotlin.Function1<coil.compose.AsyncImagePainter.State.Error, kotlin.Unit>? origin=DEFAULT_VALUE
          CONST Null type=kotlin.Function1<coil.compose.AsyncImagePainter.State.Error, kotlin.Unit>? value=null
        ARG alignment: COMPOSITE type=androidx.compose.ui.Alignment? origin=DEFAULT_VALUE
          CONST Null type=androidx.compose.ui.Alignment? value=null
        ARG contentScale: GET_VAR 'contentScale: androidx.compose.ui.layout.ContentScale declared in com.tbc.core.presentation.base.BaseAsyncImageKt.BaseAsyncImage' type=androidx.compose.ui.layout.ContentScale origin=null
        ARG alpha: COMPOSITE type=kotlin.Float origin=DEFAULT_VALUE
          CONST Float type=kotlin.Float value=0.0
        ARG colorFilter: COMPOSITE type=androidx.compose.ui.graphics.ColorFilter? origin=DEFAULT_VALUE
          CONST Null type=androidx.compose.ui.graphics.ColorFilter? value=null
        ARG $v$c$androidx-compose-ui-graphics-FilterQuality$-filterQuality$0: COMPOSITE type=androidx.compose.ui.graphics.FilterQuality origin=DEFAULT_VALUE
          CALL 'public final fun <unsafe-coerce> <T, R> (v: T of kotlin.jvm.internal.<unsafe-coerce>): R of kotlin.jvm.internal.<unsafe-coerce> declared in kotlin.jvm.internal' type=androidx.compose.ui.graphics.FilterQuality origin=null
            TYPE_ARG T: kotlin.Int
            TYPE_ARG R: androidx.compose.ui.graphics.FilterQuality
            ARG v: CONST Int type=kotlin.Int value=0
        ARG clipToBounds: COMPOSITE type=kotlin.Boolean origin=DEFAULT_VALUE
          CONST Boolean type=kotlin.Boolean value=false
        ARG modelEqualityDelegate: COMPOSITE type=coil.compose.EqualityDelegate? origin=DEFAULT_VALUE
          CONST Null type=coil.compose.EqualityDelegate? value=null
        ARG $mask0: CONST Int type=kotlin.Int value=64480
        ARG $handler: CONST Null type=kotlin.Any? value=null

	at org.jetbrains.kotlin.backend.jvm.codegen.FunctionCodegen.generate(FunctionCodegen.kt:53)
	at org.jetbrains.kotlin.backend.jvm.codegen.FunctionCodegen.generate$default(FunctionCodegen.kt:46)
	at org.jetbrains.kotlin.backend.jvm.codegen.ClassCodegen.generateMethodNode(ClassCodegen.kt:422)
	at org.jetbrains.kotlin.backend.jvm.codegen.ClassCodegen.generateMethod(ClassCodegen.kt:439)
	at org.jetbrains.kotlin.backend.jvm.codegen.ClassCodegen.generate(ClassCodegen.kt:164)
	at org.jetbrains.kotlin.backend.jvm.JvmIrCodegenFactory.generateFile(JvmIrCodegenFactory.kt:446)
	at org.jetbrains.kotlin.backend.jvm.JvmIrCodegenFactory.invokeCodegen(JvmIrCodegenFactory.kt:413)
	at org.jetbrains.kotlin.cli.jvm.compiler.KotlinToJVMBytecodeCompiler.runCodegen$cli(KotlinToJVMBytecodeCompiler.kt:425)
	at org.jetbrains.kotlin.cli.pipeline.jvm.JvmBackendPipelinePhase.executePhase(JvmBackendPipelinePhase.kt:89)
	at org.jetbrains.kotlin.cli.pipeline.jvm.JvmBackendPipelinePhase.executePhase(JvmBackendPipelinePhase.kt:27)
	at org.jetbrains.kotlin.cli.pipeline.PipelinePhase.phaseBody(PipelinePhase.kt:68)
	at org.jetbrains.kotlin.cli.pipeline.PipelinePhase.phaseBody(PipelinePhase.kt:58)
	at org.jetbrains.kotlin.config.phaser.NamedCompilerPhase.invoke(CompilerPhase.kt:102)
	at org.jetbrains.kotlin.backend.common.phaser.CompositePhase.invoke(PhaseBuilders.kt:22)
	at org.jetbrains.kotlin.config.phaser.CompilerPhaseKt.invokeToplevel(CompilerPhase.kt:53)
	at org.jetbrains.kotlin.cli.pipeline.AbstractCliPipeline.runPhasedPipeline(AbstractCliPipeline.kt:109)
	at org.jetbrains.kotlin.cli.pipeline.AbstractCliPipeline.execute(AbstractCliPipeline.kt:68)
	at org.jetbrains.kotlin.cli.jvm.K2JVMCompiler.doExecutePhased(K2JVMCompiler.kt:79)
	at org.jetbrains.kotlin.cli.jvm.K2JVMCompiler.doExecutePhased(K2JVMCompiler.kt:45)
	at org.jetbrains.kotlin.cli.common.CLICompiler.execImpl(CLICompiler.kt:90)
	at org.jetbrains.kotlin.cli.common.CLICompiler.exec(CLICompiler.kt:352)
	at org.jetbrains.kotlin.incremental.IncrementalJvmCompilerRunnerBase.runCompiler(IncrementalJvmCompilerRunnerBase.kt:176)
	at org.jetbrains.kotlin.incremental.IncrementalJvmCompilerRunnerBase.runCompiler(IncrementalJvmCompilerRunnerBase.kt:39)
	at org.jetbrains.kotlin.incremental.IncrementalCompilerRunner.doCompile(IncrementalCompilerRunner.kt:499)
	at org.jetbrains.kotlin.incremental.IncrementalCompilerRunner.compileImpl(IncrementalCompilerRunner.kt:416)
	at org.jetbrains.kotlin.incremental.IncrementalCompilerRunner.compileNonIncrementally(IncrementalCompilerRunner.kt:301)
	at org.jetbrains.kotlin.incremental.IncrementalCompilerRunner.compile(IncrementalCompilerRunner.kt:128)
	at org.jetbrains.kotlin.daemon.CompileServiceImplBase.execIncrementalCompiler(CompileServiceImpl.kt:684)
	at org.jetbrains.kotlin.daemon.CompileServiceImplBase.access$execIncrementalCompiler(CompileServiceImpl.kt:94)
	at org.jetbrains.kotlin.daemon.CompileServiceImpl.compile(CompileServiceImpl.kt:1810)
	at java.base/jdk.internal.reflect.DirectMethodHandleAccessor.invoke(Unknown Source)
	at java.base/java.lang.reflect.Method.invoke(Unknown Source)
	at java.rmi/sun.rmi.server.UnicastServerRef.dispatch(Unknown Source)
	at java.rmi/sun.rmi.transport.Transport$1.run(Unknown Source)
	at java.rmi/sun.rmi.transport.Transport$1.run(Unknown Source)
	at java.base/java.security.AccessController.doPrivileged(Unknown Source)
	at java.rmi/sun.rmi.transport.Transport.serviceCall(Unknown Source)
	at java.rmi/sun.rmi.transport.tcp.TCPTransport.handleMessages(Unknown Source)
	at java.rmi/sun.rmi.transport.tcp.TCPTransport$ConnectionHandler.run0(Unknown Source)
	at java.rmi/sun.rmi.transport.tcp.TCPTransport$ConnectionHandler.lambda$run$0(Unknown Source)
	at java.base/java.security.AccessController.doPrivileged(Unknown Source)
	at java.rmi/sun.rmi.transport.tcp.TCPTransport$ConnectionHandler.run(Unknown Source)
	at java.base/java.util.concurrent.ThreadPoolExecutor.runWorker(Unknown Source)
	at java.base/java.util.concurrent.ThreadPoolExecutor$Worker.run(Unknown Source)
	at java.base/java.lang.Thread.run(Unknown Source)
Caused by: org.jetbrains.kotlin.codegen.CompilationException: Back-end (JVM) Internal error: Couldn't inline method call: CALL 'public final fun <get-current> (): T of androidx.compose.runtime.CompositionLocal [inline] declared in androidx.compose.runtime.CompositionLocal' type=android.content.Context origin=GET_PROPERTY
Method: null
File is unknown
The root cause java.lang.IllegalStateException was thrown at: org.jetbrains.kotlin.codegen.inline.SourceCompilerForInlineKt.getMethodNode(SourceCompilerForInline.kt:129)
	at org.jetbrains.kotlin.backend.jvm.codegen.IrInlineCodegen.genInlineCall(IrInlineCodegen.kt:82)
	at org.jetbrains.kotlin.backend.jvm.codegen.IrInlineCallGenerator.genCall(IrInlineCallGenerator.kt:36)
	at org.jetbrains.kotlin.backend.jvm.codegen.ExpressionCodegen.visitCall(ExpressionCodegen.kt:589)
	at org.jetbrains.kotlin.backend.jvm.codegen.ExpressionCodegen.visitCall(ExpressionCodegen.kt:134)
	at org.jetbrains.kotlin.ir.expressions.IrCall.accept(IrCall.kt:24)
	at org.jetbrains.kotlin.backend.jvm.codegen.ExpressionCodegen.gen(ExpressionCodegen.kt:213)
	at org.jetbrains.kotlin.backend.jvm.codegen.ExpressionCodegen.generateConstructorArguments(ExpressionCodegen.kt:707)
	at org.jetbrains.kotlin.backend.jvm.codegen.ExpressionCodegen.visitConstructorCall(ExpressionCodegen.kt:696)
	at org.jetbrains.kotlin.backend.jvm.codegen.ExpressionCodegen.visitConstructorCall(ExpressionCodegen.kt:134)
	at org.jetbrains.kotlin.ir.expressions.IrConstructorCall.accept(IrConstructorCall.kt:27)
	at org.jetbrains.kotlin.backend.jvm.codegen.ExpressionCodegen.gen(ExpressionCodegen.kt:213)
	at org.jetbrains.kotlin.backend.jvm.codegen.IrCallGenerator.genValueAndPut(IrCallGenerator.kt:48)
	at org.jetbrains.kotlin.backend.jvm.codegen.ExpressionCodegen.visitCall$handleParameter(ExpressionCodegen.kt:567)
	at org.jetbrains.kotlin.backend.jvm.codegen.ExpressionCodegen.visitCall(ExpressionCodegen.kt:580)
	at org.jetbrains.kotlin.backend.jvm.codegen.ExpressionCodegen.visitCall(ExpressionCodegen.kt:134)
	at org.jetbrains.kotlin.ir.expressions.IrCall.accept(IrCall.kt:24)
	at org.jetbrains.kotlin.backend.jvm.codegen.ExpressionCodegen.gen(ExpressionCodegen.kt:213)
	at org.jetbrains.kotlin.backend.jvm.codegen.IrCallGenerator.genValueAndPut(IrCallGenerator.kt:48)
	at org.jetbrains.kotlin.backend.jvm.codegen.ExpressionCodegen.visitCall$handleParameter(ExpressionCodegen.kt:567)
	at org.jetbrains.kotlin.backend.jvm.codegen.ExpressionCodegen.visitCall(ExpressionCodegen.kt:580)
	at org.jetbrains.kotlin.backend.jvm.codegen.ExpressionCodegen.visitCall(ExpressionCodegen.kt:134)
	at org.jetbrains.kotlin.ir.expressions.IrCall.accept(IrCall.kt:24)
	at org.jetbrains.kotlin.backend.jvm.codegen.ExpressionCodegen.gen(ExpressionCodegen.kt:213)
	at org.jetbrains.kotlin.backend.jvm.codegen.IrCallGenerator.genValueAndPut(IrCallGenerator.kt:48)
	at org.jetbrains.kotlin.backend.jvm.codegen.ExpressionCodegen.visitCall$handleParameter(ExpressionCodegen.kt:567)
	at org.jetbrains.kotlin.backend.jvm.codegen.ExpressionCodegen.visitCall(ExpressionCodegen.kt:580)
	at org.jetbrains.kotlin.backend.jvm.codegen.ExpressionCodegen.visitCall(ExpressionCodegen.kt:134)
	at org.jetbrains.kotlin.ir.expressions.IrCall.accept(IrCall.kt:24)
	at org.jetbrains.kotlin.backend.jvm.codegen.ExpressionCodegen.visitVariable(ExpressionCodegen.kt:729)
	at org.jetbrains.kotlin.backend.jvm.codegen.ExpressionCodegen.visitVariable(ExpressionCodegen.kt:134)
	at org.jetbrains.kotlin.ir.declarations.IrVariable.accept(IrVariable.kt:36)
	at org.jetbrains.kotlin.backend.jvm.codegen.ExpressionCodegen.visitStatementContainer(ExpressionCodegen.kt:530)
	at org.jetbrains.kotlin.backend.jvm.codegen.ExpressionCodegen.visitContainerExpression(ExpressionCodegen.kt:544)
	at org.jetbrains.kotlin.backend.jvm.codegen.ExpressionCodegen.visitContainerExpression(ExpressionCodegen.kt:134)
	at org.jetbrains.kotlin.ir.visitors.IrVisitor.visitBlock(IrVisitor.kt:122)
	at org.jetbrains.kotlin.backend.jvm.codegen.ExpressionCodegen.visitBlock(ExpressionCodegen.kt:416)
	at org.jetbrains.kotlin.backend.jvm.codegen.ExpressionCodegen.visitBlock(ExpressionCodegen.kt:134)
	at org.jetbrains.kotlin.ir.expressions.IrBlock.accept(IrBlock.kt:18)
	at org.jetbrains.kotlin.backend.jvm.codegen.ExpressionCodegen.visitStatementContainer(ExpressionCodegen.kt:530)
	at org.jetbrains.kotlin.backend.jvm.codegen.ExpressionCodegen.visitBlockBody(ExpressionCodegen.kt:535)
	at org.jetbrains.kotlin.backend.jvm.codegen.ExpressionCodegen.visitBlockBody(ExpressionCodegen.kt:134)
	at org.jetbrains.kotlin.ir.expressions.IrBlockBody.accept(IrBlockBody.kt:20)
	at org.jetbrains.kotlin.backend.jvm.codegen.ExpressionCodegen.generate(ExpressionCodegen.kt:232)
	at org.jetbrains.kotlin.backend.jvm.codegen.FunctionCodegen.doGenerate(FunctionCodegen.kt:129)
	at org.jetbrains.kotlin.backend.jvm.codegen.FunctionCodegen.generate(FunctionCodegen.kt:50)
	... 44 more
Caused by: java.lang.IllegalStateException: couldn't find inline method Landroidx/compose/runtime/CompositionLocal;.getCurrent()Ljava/lang/Object;
	at org.jetbrains.kotlin.codegen.inline.SourceCompilerForInlineKt.getMethodNode(SourceCompilerForInline.kt:129)
	at org.jetbrains.kotlin.codegen.inline.SourceCompilerForInlineKt.loadCompiledInlineFunction$lambda$0(SourceCompilerForInline.kt:98)
	at org.jetbrains.kotlin.codegen.inline.InlineCache.computeMethodBytes(InlineCache.kt:90)
	at org.jetbrains.kotlin.codegen.inline.SourceCompilerForInlineKt.loadCompiledInlineFunction(SourceCompilerForInline.kt:93)
	at org.jetbrains.kotlin.backend.jvm.codegen.IrSourceCompilerForInline.compileInlineFunction(IrSourceCompilerForInline.kt:96)
	at org.jetbrains.kotlin.backend.jvm.codegen.IrInlineCodegen.genInlineCall(IrInlineCodegen.kt:65)
	... 88 more


