kotlin version: 2.2.21
error message: java.lang.RuntimeException: Exception while generating code for:
FUN name:collectEvent visibility:public modality:FINAL returnType:kotlin.Unit
  TYPE_PARAMETER name:T index:0 variance: superTypes:[kotlin.Any?] reified:false
  VALUE_PARAMETER kind:ExtensionReceiver name:<this> index:0 type:kotlinx.coroutines.flow.Flow<T of com.tbc.core.presentation.extension.CollectSideEffectKt.collectEvent>
  VALUE_PARAMETER kind:Regular name:lifecycleState index:1 type:androidx.lifecycle.Lifecycle.State
    EXPRESSION_BODY
      ERROR_EXPR 'Default Stub' type=androidx.lifecycle.Lifecycle.State
  VALUE_PARAMETER kind:Regular name:action index:2 type:kotlin.coroutines.SuspendFunction1<T of com.tbc.core.presentation.extension.CollectSideEffectKt.collectEvent, kotlin.Unit>
  annotations:
    Composable
  BLOCK_BODY
    VAR name:lifecycleOwner type:androidx.lifecycle.LifecycleOwner [val]
      CALL 'public final fun <get-current> (): T of androidx.compose.runtime.CompositionLocal [inline] declared in androidx.compose.runtime.CompositionLocal' type=androidx.lifecycle.LifecycleOwner origin=GET_PROPERTY
        ARG <this>: TYPE_OP type=androidx.compose.runtime.CompositionLocal<T of androidx.compose.runtime.CompositionLocal> origin=IMPLICIT_CAST typeOperand=androidx.compose.runtime.CompositionLocal<T of androidx.compose.runtime.CompositionLocal>
          CALL 'public final fun <get-LocalLifecycleOwner> (): androidx.compose.runtime.ProvidableCompositionLocal<androidx.lifecycle.LifecycleOwner> declared in androidx.lifecycle.compose.LocalLifecycleOwnerKt' type=androidx.compose.runtime.ProvidableCompositionLocal<androidx.lifecycle.LifecycleOwner> origin=GET_PROPERTY
    CALL 'public final fun LaunchedEffect (key1: kotlin.Any?, key2: kotlin.Any?, block: @[ExtensionFunctionType] kotlin.coroutines.SuspendFunction1<kotlinx.coroutines.CoroutineScope, kotlin.Unit>): kotlin.Unit declared in androidx.compose.runtime.EffectsKt' type=kotlin.Unit origin=null
      ARG key1: GET_VAR '<this>: kotlinx.coroutines.flow.Flow<T of com.tbc.core.presentation.extension.CollectSideEffectKt.collectEvent> declared in com.tbc.core.presentation.extension.CollectSideEffectKt.collectEvent' type=kotlinx.coroutines.flow.Flow<T of com.tbc.core.presentation.extension.CollectSideEffectKt.collectEvent> origin=null
      ARG key2: GET_VAR 'val lifecycleOwner: androidx.lifecycle.LifecycleOwner [val] declared in com.tbc.core.presentation.extension.CollectSideEffectKt.collectEvent' type=androidx.lifecycle.LifecycleOwner origin=null
      ARG block: BLOCK type=com.tbc.core.presentation.extension.CollectSideEffectKt.collectEvent.<no name provided> origin=null
        CLASS SUSPEND_LAMBDA CLASS name:<no name provided> modality:FINAL visibility:public/*package*/ superTypes:[kotlin.coroutines.jvm.internal.SuspendLambda; kotlin.jvm.functions.Function2<kotlinx.coroutines.CoroutineScope, kotlin.coroutines.Continuation<kotlin.Unit>?, kotlin.Any?>]
          thisReceiver: VALUE_PARAMETER INSTANCE_RECEIVER kind:DispatchReceiver name:<this> type:com.tbc.core.presentation.extension.CollectSideEffectKt.collectEvent.<no name provided>
          FIELD name:label type:kotlin.Int visibility:public/*package*/
          CONSTRUCTOR SUSPEND_LAMBDA visibility:public/*package*/ returnType:com.tbc.core.presentation.extension.CollectSideEffectKt.collectEvent.<no name provided> [primary]
            VALUE_PARAMETER BOUND_VALUE_PARAMETER kind:Regular name:$lifecycleOwner index:0 type:androidx.lifecycle.LifecycleOwner
            VALUE_PARAMETER BOUND_VALUE_PARAMETER kind:Regular name:$lifecycleState index:1 type:androidx.lifecycle.Lifecycle.State
            VALUE_PARAMETER BOUND_RECEIVER_PARAMETER kind:Regular name:$this_collectEvent index:2 type:kotlinx.coroutines.flow.Flow<T of com.tbc.core.presentation.extension.CollectSideEffectKt.collectEvent>
            VALUE_PARAMETER BOUND_VALUE_PARAMETER kind:Regular name:$action index:3 type:kotlin.coroutines.SuspendFunction1<T of com.tbc.core.presentation.extension.CollectSideEffectKt.collectEvent, kotlin.Unit>
            VALUE_PARAMETER kind:Regular name:$completion index:4 type:kotlin.coroutines.Continuation<com.tbc.core.presentation.extension.CollectSideEffectKt.collectEvent.<no name provided>>?
            BLOCK_BODY
              SET_FIELD 'FIELD FIELD_FOR_CAPTURED_VALUE name:$lifecycleOwner type:androidx.lifecycle.LifecycleOwner visibility:public/*package*/ [final] declared in com.tbc.core.presentation.extension.CollectSideEffectKt.collectEvent.<no name provided>' type=kotlin.Unit origin=INITIALIZER_OF_FIELD_FOR_CAPTURED_VALUE
                receiver: GET_VAR '<this>: com.tbc.core.presentation.extension.CollectSideEffectKt.collectEvent.<no name provided> declared in com.tbc.core.presentation.extension.CollectSideEffectKt.collectEvent.<no name provided>' type=com.tbc.core.presentation.extension.CollectSideEffectKt.collectEvent.<no name provided> origin=null
                value: GET_VAR '$lifecycleOwner: androidx.lifecycle.LifecycleOwner declared in com.tbc.core.presentation.extension.CollectSideEffectKt.collectEvent.<no name provided>.<init>' type=androidx.lifecycle.LifecycleOwner origin=null
              SET_FIELD 'FIELD FIELD_FOR_CAPTURED_VALUE name:$lifecycleState type:androidx.lifecycle.Lifecycle.State visibility:public/*package*/ [final] declared in com.tbc.core.presentation.extension.CollectSideEffectKt.collectEvent.<no name provided>' type=kotlin.Unit origin=INITIALIZER_OF_FIELD_FOR_CAPTURED_VALUE
                receiver: GET_VAR '<this>: com.tbc.core.presentation.extension.CollectSideEffectKt.collectEvent.<no name provided> declared in com.tbc.core.presentation.extension.CollectSideEffectKt.collectEvent.<no name provided>' type=com.tbc.core.presentation.extension.CollectSideEffectKt.collectEvent.<no name provided> origin=null
                value: GET_VAR '$lifecycleState: androidx.lifecycle.Lifecycle.State declared in com.tbc.core.presentation.extension.CollectSideEffectKt.collectEvent.<no name provided>.<init>' type=androidx.lifecycle.Lifecycle.State origin=null
              SET_FIELD 'FIELD FIELD_FOR_CAPTURED_VALUE name:$this_collectEvent type:kotlinx.coroutines.flow.Flow<T of com.tbc.core.presentation.extension.CollectSideEffectKt.collectEvent> visibility:public/*package*/ [final] declared in com.tbc.core.presentation.extension.CollectSideEffectKt.collectEvent.<no name provided>' type=kotlin.Unit origin=INITIALIZER_OF_FIELD_FOR_CAPTURED_VALUE
                receiver: GET_VAR '<this>: com.tbc.core.presentation.extension.CollectSideEffectKt.collectEvent.<no name provided> declared in com.tbc.core.presentation.extension.CollectSideEffectKt.collectEvent.<no name provided>' type=com.tbc.core.presentation.extension.CollectSideEffectKt.collectEvent.<no name provided> origin=null
                value: GET_VAR '$this_collectEvent: kotlinx.coroutines.flow.Flow<T of com.tbc.core.presentation.extension.CollectSideEffectKt.collectEvent> declared in com.tbc.core.presentation.extension.CollectSideEffectKt.collectEvent.<no name provided>.<init>' type=kotlinx.coroutines.flow.Flow<T of com.tbc.core.presentation.extension.CollectSideEffectKt.collectEvent> origin=null
              SET_FIELD 'FIELD FIELD_FOR_CAPTURED_VALUE name:$action type:kotlin.coroutines.SuspendFunction1<T of com.tbc.core.presentation.extension.CollectSideEffectKt.collectEvent, kotlin.Unit> visibility:public/*package*/ [final] declared in com.tbc.core.presentation.extension.CollectSideEffectKt.collectEvent.<no name provided>' type=kotlin.Unit origin=INITIALIZER_OF_FIELD_FOR_CAPTURED_VALUE
                receiver: GET_VAR '<this>: com.tbc.core.presentation.extension.CollectSideEffectKt.collectEvent.<no name provided> declared in com.tbc.core.presentation.extension.CollectSideEffectKt.collectEvent.<no name provided>' type=com.tbc.core.presentation.extension.CollectSideEffectKt.collectEvent.<no name provided> origin=null
                value: GET_VAR '$action: kotlin.coroutines.SuspendFunction1<T of com.tbc.core.presentation.extension.CollectSideEffectKt.collectEvent, kotlin.Unit> declared in com.tbc.core.presentation.extension.CollectSideEffectKt.collectEvent.<no name provided>.<init>' type=kotlin.coroutines.SuspendFunction1<T of com.tbc.core.presentation.extension.CollectSideEffectKt.collectEvent, kotlin.Unit> origin=null
              DELEGATING_CONSTRUCTOR_CALL 'public constructor <init> (arity: kotlin.Int, $completion: kotlin.coroutines.Continuation<kotlin.Any?>?) declared in kotlin.coroutines.jvm.internal.SuspendLambda'
                ARG arity: CONST Int type=kotlin.Int value=2
                ARG $completion: GET_VAR '$completion: kotlin.coroutines.Continuation<com.tbc.core.presentation.extension.CollectSideEffectKt.collectEvent.<no name provided>>? declared in com.tbc.core.presentation.extension.CollectSideEffectKt.collectEvent.<no name provided>.<init>' type=kotlin.coroutines.Continuation<com.tbc.core.presentation.extension.CollectSideEffectKt.collectEvent.<no name provided>>? origin=null
              BLOCK type=kotlin.Unit origin=null
          FUN name:invokeSuspend visibility:public modality:FINAL returnType:kotlin.Any?
            VALUE_PARAMETER INSTANCE_RECEIVER kind:DispatchReceiver name:<this> index:0 type:com.tbc.core.presentation.extension.CollectSideEffectKt.collectEvent.<no name provided>
            VALUE_PARAMETER kind:Regular name:$result index:1 type:kotlin.Result<kotlin.Any?>
            overridden:
              protected abstract fun invokeSuspend ($result: kotlin.Result<kotlin.Any?>): kotlin.Any? declared in kotlin.coroutines.jvm.internal.SuspendLambda
            BLOCK_BODY
              CALL 'public final fun repeatOnLifecycle (<this>: androidx.lifecycle.Lifecycle, state: androidx.lifecycle.Lifecycle.State, block: @[ExtensionFunctionType] kotlin.coroutines.SuspendFunction1<kotlinx.coroutines.CoroutineScope, kotlin.Unit>, $completion: kotlin.coroutines.Continuation<kotlin.Unit>): kotlin.Any? [suspend] declared in androidx.lifecycle.RepeatOnLifecycleKt' type=kotlin.Unit origin=null
                ARG <this>: CALL 'public abstract fun <get-lifecycle> (): androidx.lifecycle.Lifecycle declared in androidx.lifecycle.LifecycleOwner' type=androidx.lifecycle.Lifecycle origin=GET_PROPERTY
                  ARG <this>: GET_FIELD 'FIELD FIELD_FOR_CAPTURED_VALUE name:$lifecycleOwner type:androidx.lifecycle.LifecycleOwner visibility:public/*package*/ [final] declared in com.tbc.core.presentation.extension.CollectSideEffectKt.collectEvent.<no name provided>' type=androidx.lifecycle.LifecycleOwner origin=null
                    receiver: GET_VAR '<this>: com.tbc.core.presentation.extension.CollectSideEffectKt.collectEvent.<no name provided> declared in com.tbc.core.presentation.extension.CollectSideEffectKt.collectEvent.<no name provided>.invokeSuspend' type=com.tbc.core.presentation.extension.CollectSideEffectKt.collectEvent.<no name provided> origin=null
                ARG state: GET_FIELD 'FIELD FIELD_FOR_CAPTURED_VALUE name:$lifecycleState type:androidx.lifecycle.Lifecycle.State visibility:public/*package*/ [final] declared in com.tbc.core.presentation.extension.CollectSideEffectKt.collectEvent.<no name provided>' type=androidx.lifecycle.Lifecycle.State origin=null
                  receiver: GET_VAR '<this>: com.tbc.core.presentation.extension.CollectSideEffectKt.collectEvent.<no name provided> declared in com.tbc.core.presentation.extension.CollectSideEffectKt.collectEvent.<no name provided>.invokeSuspend' type=com.tbc.core.presentation.extension.CollectSideEffectKt.collectEvent.<no name provided> origin=null
                ARG block: BLOCK type=com.tbc.core.presentation.extension.CollectSideEffectKt.collectEvent.<no name provided>.invokeSuspend.<no name provided> origin=null
                  CLASS SUSPEND_LAMBDA CLASS name:<no name provided> modality:FINAL visibility:public/*package*/ superTypes:[kotlin.coroutines.jvm.internal.SuspendLambda; kotlin.jvm.functions.Function2<kotlinx.coroutines.CoroutineScope, kotlin.coroutines.Continuation<kotlin.Unit>?, kotlin.Any?>]
                    thisReceiver: VALUE_PARAMETER INSTANCE_RECEIVER kind:DispatchReceiver name:<this> type:com.tbc.core.presentation.extension.CollectSideEffectKt.collectEvent.<no name provided>.invokeSuspend.<no name provided>
                    FIELD name:label type:kotlin.Int visibility:public/*package*/
                    CONSTRUCTOR SUSPEND_LAMBDA visibility:public/*package*/ returnType:com.tbc.core.presentation.extension.CollectSideEffectKt.collectEvent.<no name provided>.invokeSuspend.<no name provided> [primary]
                      VALUE_PARAMETER BOUND_RECEIVER_PARAMETER kind:Regular name:$this_collectEvent index:0 type:kotlinx.coroutines.flow.Flow<T of com.tbc.core.presentation.extension.CollectSideEffectKt.collectEvent>
                      VALUE_PARAMETER BOUND_VALUE_PARAMETER kind:Regular name:$action index:1 type:kotlin.coroutines.SuspendFunction1<T of com.tbc.core.presentation.extension.CollectSideEffectKt.collectEvent, kotlin.Unit>
                      VALUE_PARAMETER kind:Regular name:$completion index:2 type:kotlin.coroutines.Continuation<com.tbc.core.presentation.extension.CollectSideEffectKt.collectEvent.<no name provided>.invokeSuspend.<no name provided>>?
                      BLOCK_BODY
                        SET_FIELD 'FIELD FIELD_FOR_CAPTURED_VALUE name:$this_collectEvent type:kotlinx.coroutines.flow.Flow<T of com.tbc.core.presentation.extension.CollectSideEffectKt.collectEvent> visibility:public/*package*/ [final] declared in com.tbc.core.presentation.extension.CollectSideEffectKt.collectEvent.<no name provided>.invokeSuspend.<no name provided>' type=kotlin.Unit origin=INITIALIZER_OF_FIELD_FOR_CAPTURED_VALUE
                          receiver: GET_VAR '<this>: com.tbc.core.presentation.extension.CollectSideEffectKt.collectEvent.<no name provided>.invokeSuspend.<no name provided> declared in com.tbc.core.presentation.extension.CollectSideEffectKt.collectEvent.<no name provided>.invokeSuspend.<no name provided>' type=com.tbc.core.presentation.extension.CollectSideEffectKt.collectEvent.<no name provided>.invokeSuspend.<no name provided> origin=null
                          value: GET_VAR '$this_collectEvent: kotlinx.coroutines.flow.Flow<T of com.tbc.core.presentation.extension.CollectSideEffectKt.collectEvent> declared in com.tbc.core.presentation.extension.CollectSideEffectKt.collectEvent.<no name provided>.invokeSuspend.<no name provided>.<init>' type=kotlinx.coroutines.flow.Flow<T of com.tbc.core.presentation.extension.CollectSideEffectKt.collectEvent> origin=null
                        SET_FIELD 'FIELD FIELD_FOR_CAPTURED_VALUE name:$action type:kotlin.coroutines.SuspendFunction1<T of com.tbc.core.presentation.extension.CollectSideEffectKt.collectEvent, kotlin.Unit> visibility:public/*package*/ [final] declared in com.tbc.core.presentation.extension.CollectSideEffectKt.collectEvent.<no name provided>.invokeSuspend.<no name provided>' type=kotlin.Unit origin=INITIALIZER_OF_FIELD_FOR_CAPTURED_VALUE
                          receiver: GET_VAR '<this>: com.tbc.core.presentation.extension.CollectSideEffectKt.collectEvent.<no name provided>.invokeSuspend.<no name provided> declared in com.tbc.core.presentation.extension.CollectSideEffectKt.collectEvent.<no name provided>.invokeSuspend.<no name provided>' type=com.tbc.core.presentation.extension.CollectSideEffectKt.collectEvent.<no name provided>.invokeSuspend.<no name provided> origin=null
                          value: GET_VAR '$action: kotlin.coroutines.SuspendFunction1<T of com.tbc.core.presentation.extension.CollectSideEffectKt.collectEvent, kotlin.Unit> declared in com.tbc.core.presentation.extension.CollectSideEffectKt.collectEvent.<no name provided>.invokeSuspend.<no name provided>.<init>' type=kotlin.coroutines.SuspendFunction1<T of com.tbc.core.presentation.extension.CollectSideEffectKt.collectEvent, kotlin.Unit> origin=null
                        DELEGATING_CONSTRUCTOR_CALL 'public constructor <init> (arity: kotlin.Int, $completion: kotlin.coroutines.Continuation<kotlin.Any?>?) declared in kotlin.coroutines.jvm.internal.SuspendLambda'
                          ARG arity: CONST Int type=kotlin.Int value=2
                          ARG $completion: GET_VAR '$completion: kotlin.coroutines.Continuation<com.tbc.core.presentation.extension.CollectSideEffectKt.collectEvent.<no name provided>.invokeSuspend.<no name provided>>? declared in com.tbc.core.presentation.extension.CollectSideEffectKt.collectEvent.<no name provided>.invokeSuspend.<no name provided>.<init>' type=kotlin.coroutines.Continuation<com.tbc.core.presentation.extension.CollectSideEffectKt.collectEvent.<no name provided>.invokeSuspend.<no name provided>>? origin=null
                        BLOCK type=kotlin.Unit origin=null
                    FUN name:invokeSuspend visibility:public modality:FINAL returnType:kotlin.Any?
                      VALUE_PARAMETER INSTANCE_RECEIVER kind:DispatchReceiver name:<this> index:0 type:com.tbc.core.presentation.extension.CollectSideEffectKt.collectEvent.<no name provided>.invokeSuspend.<no name provided>
                      VALUE_PARAMETER kind:Regular name:$result index:1 type:kotlin.Result<kotlin.Any?>
                      overridden:
                        protected abstract fun invokeSuspend ($result: kotlin.Result<kotlin.Any?>): kotlin.Any? declared in kotlin.coroutines.jvm.internal.SuspendLambda
                      BLOCK_BODY
                        CALL 'public abstract fun collect (collector: kotlinx.coroutines.flow.FlowCollector<T of kotlinx.coroutines.flow.Flow>, $completion: kotlin.coroutines.Continuation<kotlin.Unit>): kotlin.Any? [suspend] declared in kotlinx.coroutines.flow.Flow' type=kotlin.Unit origin=null
                          ARG <this>: GET_FIELD 'FIELD FIELD_FOR_CAPTURED_VALUE name:$this_collectEvent type:kotlinx.coroutines.flow.Flow<T of com.tbc.core.presentation.extension.CollectSideEffectKt.collectEvent> visibility:public/*package*/ [final] declared in com.tbc.core.presentation.extension.CollectSideEffectKt.collectEvent.<no name provided>.invokeSuspend.<no name provided>' type=kotlinx.coroutines.flow.Flow<T of com.tbc.core.presentation.extension.CollectSideEffectKt.collectEvent> origin=null
                            receiver: GET_VAR '<this>: com.tbc.core.presentation.extension.CollectSideEffectKt.collectEvent.<no name provided>.invokeSuspend.<no name provided> declared in com.tbc.core.presentation.extension.CollectSideEffectKt.collectEvent.<no name provided>.invokeSuspend.<no name provided>.invokeSuspend' type=com.tbc.core.presentation.extension.CollectSideEffectKt.collectEvent.<no name provided>.invokeSuspend.<no name provided> origin=null
                          ARG collector: BLOCK type=com.tbc.core.presentation.extension.CollectSideEffectKt.collectEvent.<no name provided>.invokeSuspend.<no name provided>.invokeSuspend.<no name provided><T of com.tbc.core.presentation.extension.CollectSideEffectKt.collectEvent.<no name provided>.invokeSuspend.<no name provided>.invokeSuspend.<no name provided>> origin=null
                            CLASS LAMBDA_IMPL CLASS name:<no name provided> modality:FINAL visibility:public/*package*/ superTypes:[@[RawType] kotlinx.coroutines.flow.FlowCollector<T of kotlinx.coroutines.flow.FlowCollector>]
                              thisReceiver: VALUE_PARAMETER INSTANCE_RECEIVER kind:DispatchReceiver name:<this> type:com.tbc.core.presentation.extension.CollectSideEffectKt.collectEvent.<no name provided>.invokeSuspend.<no name provided>.invokeSuspend.<no name provided><T of com.tbc.core.presentation.extension.CollectSideEffectKt.collectEvent.<no name provided>.invokeSuspend.<no name provided>.invokeSuspend.<no name provided>>
                              TYPE_PARAMETER name:T index:0 variance:in superTypes:[kotlin.Any?] reified:false
                              CONSTRUCTOR GENERATED_MEMBER_IN_CALLABLE_REFERENCE visibility:public/*package*/ returnType:com.tbc.core.presentation.extension.CollectSideEffectKt.collectEvent.<no name provided>.invokeSuspend.<no name provided>.invokeSuspend.<no name provided><T of com.tbc.core.presentation.extension.CollectSideEffectKt.collectEvent.<no name provided>.invokeSuspend.<no name provided>.invokeSuspend.<no name provided>> [primary]
                                VALUE_PARAMETER BOUND_VALUE_PARAMETER kind:Regular name:$action index:0 type:kotlin.coroutines.SuspendFunction1<T of com.tbc.core.presentation.extension.CollectSideEffectKt.collectEvent, kotlin.Unit>
                                BLOCK_BODY
                                  SET_FIELD 'FIELD FIELD_FOR_CAPTURED_VALUE name:$action type:kotlin.coroutines.SuspendFunction1<T of com.tbc.core.presentation.extension.CollectSideEffectKt.collectEvent, kotlin.Unit> visibility:public/*package*/ [final] declared in com.tbc.core.presentation.extension.CollectSideEffectKt.collectEvent.<no name provided>.invokeSuspend.<no name provided>.invokeSuspend.<no name provided>' type=kotlin.Unit origin=INITIALIZER_OF_FIELD_FOR_CAPTURED_VALUE
                                    receiver: GET_VAR '<this>: com.tbc.core.presentation.extension.CollectSideEffectKt.collectEvent.<no name provided>.invokeSuspend.<no name provided>.invokeSuspend.<no name provided><T of com.tbc.core.presentation.extension.CollectSideEffectKt.collectEvent.<no name provided>.invokeSuspend.<no name provided>.invokeSuspend.<no name provided>> declared in com.tbc.core.presentation.extension.CollectSideEffectKt.collectEvent.<no name provided>.invokeSuspend.<no name provided>.invokeSuspend.<no name provided>' type=com.tbc.core.presentation.extension.CollectSideEffectKt.collectEvent.<no name provided>.invokeSuspend.<no name provided>.invokeSuspend.<no name provided><T of com.tbc.core.presentation.extension.CollectSideEffectKt.collectEvent.<no name provided>.invokeSuspend.<no name provided>.invokeSuspend.<no name provided>> origin=null
                                    value: GET_VAR '$action: kotlin.coroutines.SuspendFunction1<T of com.tbc.core.presentation.extension.CollectSideEffectKt.collectEvent, kotlin.Unit> declared in com.tbc.core.presentation.extension.CollectSideEffectKt.collectEvent.<no name provided>.invokeSuspend.<no name provided>.invokeSuspend.<no name provided>.<init>' type=kotlin.coroutines.SuspendFunction1<T of com.tbc.core.presentation.extension.CollectSideEffectKt.collectEvent, kotlin.Unit> origin=null
                                  DELEGATING_CONSTRUCTOR_CALL 'public constructor <init> () [primary] declared in kotlin.Any'
                                  BLOCK type=kotlin.Unit origin=null
                              FUN name:emit visibility:public modality:FINAL returnType:kotlin.Any? [suspend]
                                VALUE_PARAMETER INSTANCE_RECEIVER kind:DispatchReceiver name:<this> index:0 type:com.tbc.core.presentation.extension.CollectSideEffectKt.collectEvent.<no name provided>.invokeSuspend.<no name provided>.invokeSuspend.<no name provided><T of com.tbc.core.presentation.extension.CollectSideEffectKt.collectEvent.<no name provided>.invokeSuspend.<no name provided>.invokeSuspend.<no name provided>>
                                VALUE_PARAMETER kind:Regular name:it index:1 type:T of com.tbc.core.presentation.extension.CollectSideEffectKt.collectEvent
                                VALUE_PARAMETER CONTINUATION_CLASS kind:Regular name:$completion index:2 type:kotlin.coroutines.Continuation<kotlin.Unit>
                                overridden:
                                  public abstract fun emit (value: T of kotlinx.coroutines.flow.FlowCollector, $completion: kotlin.coroutines.Continuation<kotlin.Unit>): kotlin.Any? [suspend] declared in kotlinx.coroutines.flow.FlowCollector
                                BLOCK_BODY
                                  CLASS CONTINUATION_CLASS CLASS name:<Continuation> modality:FINAL visibility:public/*package*/ superTypes:[kotlin.coroutines.jvm.internal.ContinuationImpl]
                                    thisReceiver: VALUE_PARAMETER INSTANCE_RECEIVER kind:DispatchReceiver name:<this> type:com.tbc.core.presentation.extension.CollectSideEffectKt.collectEvent.<no name provided>.invokeSuspend.<no name provided>.invokeSuspend.<no name provided>.emit.<Continuation>
                                    FIELD CONTINUATION_CLASS_RESULT_FIELD name:result type:kotlin.Result<kotlin.Any?> visibility:public/*package*/
                                    FIELD FIELD_FOR_OUTER_THIS name:this$0 type:com.tbc.core.presentation.extension.CollectSideEffectKt.collectEvent.<no name provided>.invokeSuspend.<no name provided>.invokeSuspend.<no name provided><T of com.tbc.core.presentation.extension.CollectSideEffectKt.collectEvent.<no name provided>.invokeSuspend.<no name provided>.invokeSuspend.<no name provided>> visibility:public/*package*/ [final]
                                    FIELD name:label type:kotlin.Int visibility:public/*package*/
                                    CONSTRUCTOR visibility:public/*package*/ returnType:com.tbc.core.presentation.extension.CollectSideEffectKt.collectEvent.<no name provided>.invokeSuspend.<no name provided>.invokeSuspend.<no name provided>.emit.<Continuation> [primary]
                                      VALUE_PARAMETER kind:Regular name:this$0 index:0 type:com.tbc.core.presentation.extension.CollectSideEffectKt.collectEvent.<no name provided>.invokeSuspend.<no name provided>.invokeSuspend.<no name provided><T of com.tbc.core.presentation.extension.CollectSideEffectKt.collectEvent.<no name provided>.invokeSuspend.<no name provided>.invokeSuspend.<no name provided>>
                                      VALUE_PARAMETER kind:Regular name:$completion index:1 type:kotlin.coroutines.Continuation<com.tbc.core.presentation.extension.CollectSideEffectKt.collectEvent.<no name provided>.invokeSuspend.<no name provided>.invokeSuspend.<no name provided>.emit.<Continuation>>?
                                      BLOCK_BODY
                                        SET_FIELD 'FIELD FIELD_FOR_OUTER_THIS name:this$0 type:com.tbc.core.presentation.extension.CollectSideEffectKt.collectEvent.<no name provided>.invokeSuspend.<no name provided>.invokeSuspend.<no name provided><T of com.tbc.core.presentation.extension.CollectSideEffectKt.collectEvent.<no name provided>.invokeSuspend.<no name provided>.invokeSuspend.<no name provided>> visibility:public/*package*/ [final] declared in com.tbc.core.presentation.extension.CollectSideEffectKt.collectEvent.<no name provided>.invokeSuspend.<no name provided>.invokeSuspend.<no name provided>.emit.<Continuation>' type=kotlin.Unit origin=null
                                          receiver: GET_VAR '<this>: com.tbc.core.presentation.extension.CollectSideEffectKt.collectEvent.<no name provided>.invokeSuspend.<no name provided>.invokeSuspend.<no name provided>.emit.<Continuation> declared in com.tbc.core.presentation.extension.CollectSideEffectKt.collectEvent.<no name provided>.invokeSuspend.<no name provided>.invokeSuspend.<no name provided>.emit.<Continuation>' type=com.tbc.core.presentation.extension.CollectSideEffectKt.collectEvent.<no name provided>.invokeSuspend.<no name provided>.invokeSuspend.<no name provided>.emit.<Continuation> origin=null
                                          value: GET_VAR 'this$0: com.tbc.core.presentation.extension.CollectSideEffectKt.collectEvent.<no name provided>.invokeSuspend.<no name provided>.invokeSuspend.<no name provided><T of com.tbc.core.presentation.extension.CollectSideEffectKt.collectEvent.<no name provided>.invokeSuspend.<no name provided>.invokeSuspend.<no name provided>> declared in com.tbc.core.presentation.extension.CollectSideEffectKt.collectEvent.<no name provided>.invokeSuspend.<no name provided>.invokeSuspend.<no name provided>.emit.<Continuation>.<init>' type=com.tbc.core.presentation.extension.CollectSideEffectKt.collectEvent.<no name provided>.invokeSuspend.<no name provided>.invokeSuspend.<no name provided><T of com.tbc.core.presentation.extension.CollectSideEffectKt.collectEvent.<no name provided>.invokeSuspend.<no name provided>.invokeSuspend.<no name provided>> origin=null
                                        DELEGATING_CONSTRUCTOR_CALL 'public constructor <init> ($completion: kotlin.coroutines.Continuation<kotlin.Any?>?) declared in kotlin.coroutines.jvm.internal.ContinuationImpl'
                                          ARG $completion: GET_VAR '$completion: kotlin.coroutines.Continuation<com.tbc.core.presentation.extension.CollectSideEffectKt.collectEvent.<no name provided>.invokeSuspend.<no name provided>.invokeSuspend.<no name provided>.emit.<Continuation>>? declared in com.tbc.core.presentation.extension.CollectSideEffectKt.collectEvent.<no name provided>.invokeSuspend.<no name provided>.invokeSuspend.<no name provided>.emit.<Continuation>.<init>' type=kotlin.coroutines.Continuation<com.tbc.core.presentation.extension.CollectSideEffectKt.collectEvent.<no name provided>.invokeSuspend.<no name provided>.invokeSuspend.<no name provided>.emit.<Continuation>>? origin=null
                                    FUN name:invokeSuspend visibility:public modality:FINAL returnType:kotlin.Any?
                                      VALUE_PARAMETER INSTANCE_RECEIVER kind:DispatchReceiver name:<this> index:0 type:com.tbc.core.presentation.extension.CollectSideEffectKt.collectEvent.<no name provided>.invokeSuspend.<no name provided>.invokeSuspend.<no name provided>.emit.<Continuation>
                                      VALUE_PARAMETER kind:Regular name:$result index:1 type:kotlin.Result<kotlin.Any?>
                                      overridden:
                                        public abstract fun invokeSuspend ($result: kotlin.Result<kotlin.Any?>): kotlin.Any? declared in kotlin.coroutines.jvm.internal.ContinuationImpl
                                      BLOCK_BODY
                                        SET_FIELD 'FIELD CONTINUATION_CLASS_RESULT_FIELD name:result type:kotlin.Result<kotlin.Any?> visibility:public/*package*/ declared in com.tbc.core.presentation.extension.CollectSideEffectKt.collectEvent.<no name provided>.invokeSuspend.<no name provided>.invokeSuspend.<no name provided>.emit.<Continuation>' type=kotlin.Unit origin=null
                                          receiver: GET_VAR '<this>: com.tbc.core.presentation.extension.CollectSideEffectKt.collectEvent.<no name provided>.invokeSuspend.<no name provided>.invokeSuspend.<no name provided>.emit.<Continuation> declared in com.tbc.core.presentation.extension.CollectSideEffectKt.collectEvent.<no name provided>.invokeSuspend.<no name provided>.invokeSuspend.<no name provided>.emit.<Continuation>.invokeSuspend' type=com.tbc.core.presentation.extension.CollectSideEffectKt.collectEvent.<no name provided>.invokeSuspend.<no name provided>.invokeSuspend.<no name provided>.emit.<Continuation> origin=null
                                          value: GET_VAR '$result: kotlin.Result<kotlin.Any?> declared in com.tbc.core.presentation.extension.CollectSideEffectKt.collectEvent.<no name provided>.invokeSuspend.<no name provided>.invokeSuspend.<no name provided>.emit.<Continuation>.invokeSuspend' type=kotlin.Result<kotlin.Any?> origin=null
                                        SET_FIELD 'FIELD name:label type:kotlin.Int visibility:public/*package*/ declared in com.tbc.core.presentation.extension.CollectSideEffectKt.collectEvent.<no name provided>.invokeSuspend.<no name provided>.invokeSuspend.<no name provided>.emit.<Continuation>' type=kotlin.Unit origin=null
                                          receiver: GET_VAR '<this>: com.tbc.core.presentation.extension.CollectSideEffectKt.collectEvent.<no name provided>.invokeSuspend.<no name provided>.invokeSuspend.<no name provided>.emit.<Continuation> declared in com.tbc.core.presentation.extension.CollectSideEffectKt.collectEvent.<no name provided>.invokeSuspend.<no name provided>.invokeSuspend.<no name provided>.emit.<Continuation>.invokeSuspend' type=com.tbc.core.presentation.extension.CollectSideEffectKt.collectEvent.<no name provided>.invokeSuspend.<no name provided>.invokeSuspend.<no name provided>.emit.<Continuation> origin=null
                                          value: CALL 'public final fun or (other: kotlin.Int): kotlin.Int [infix] declared in kotlin.Int' type=kotlin.Int origin=null
                                            ARG <this>: GET_FIELD 'FIELD name:label type:kotlin.Int visibility:public/*package*/ declared in com.tbc.core.presentation.extension.CollectSideEffectKt.collectEvent.<no name provided>.invokeSuspend.<no name provided>.invokeSuspend.<no name provided>.emit.<Continuation>' type=kotlin.Int origin=null
                                              receiver: GET_VAR '<this>: com.tbc.core.presentation.extension.CollectSideEffectKt.collectEvent.<no name provided>.invokeSuspend.<no name provided>.invokeSuspend.<no name provided>.emit.<Continuation> declared in com.tbc.core.presentation.extension.CollectSideEffectKt.collectEvent.<no name provided>.invokeSuspend.<no name provided>.invokeSuspend.<no name provided>.emit.<Continuation>.invokeSuspend' type=com.tbc.core.presentation.extension.CollectSideEffectKt.collectEvent.<no name provided>.invokeSuspend.<no name provided>.invokeSuspend.<no name provided>.emit.<Continuation> origin=null
                                            ARG other: CONST Int type=kotlin.Int value=-2147483648
                                        RETURN type=kotlin.Nothing from='public final fun invokeSuspend ($result: kotlin.Result<kotlin.Any?>): kotlin.Any? declared in com.tbc.core.presentation.extension.CollectSideEffectKt.collectEvent.<no name provided>.invokeSuspend.<no name provided>.invokeSuspend.<no name provided>.emit.<Continuation>'
                                          CALL 'public final fun emit (it: T of com.tbc.core.presentation.extension.CollectSideEffectKt.collectEvent, $completion: kotlin.coroutines.Continuation<kotlin.Unit>): kotlin.Any? [suspend] declared in com.tbc.core.presentation.extension.CollectSideEffectKt.collectEvent.<no name provided>.invokeSuspend.<no name provided>.invokeSuspend.<no name provided>' type=kotlin.Any? origin=null
                                            ARG <this>: GET_FIELD 'FIELD FIELD_FOR_OUTER_THIS name:this$0 type:com.tbc.core.presentation.extension.CollectSideEffectKt.collectEvent.<no name provided>.invokeSuspend.<no name provided>.invokeSuspend.<no name provided><T of com.tbc.core.presentation.extension.CollectSideEffectKt.collectEvent.<no name provided>.invokeSuspend.<no name provided>.invokeSuspend.<no name provided>> visibility:public/*package*/ [final] declared in com.tbc.core.presentation.extension.CollectSideEffectKt.collectEvent.<no name provided>.invokeSuspend.<no name provided>.invokeSuspend.<no name provided>.emit.<Continuation>' type=com.tbc.core.presentation.extension.CollectSideEffectKt.collectEvent.<no name provided>.invokeSuspend.<no name provided>.invokeSuspend.<no name provided><T of com.tbc.core.presentation.extension.CollectSideEffectKt.collectEvent.<no name provided>.invokeSuspend.<no name provided>.invokeSuspend.<no name provided>> origin=null
                                              receiver: GET_VAR '<this>: com.tbc.core.presentation.extension.CollectSideEffectKt.collectEvent.<no name provided>.invokeSuspend.<no name provided>.invokeSuspend.<no name provided>.emit.<Continuation> declared in com.tbc.core.presentation.extension.CollectSideEffectKt.collectEvent.<no name provided>.invokeSuspend.<no name provided>.invokeSuspend.<no name provided>.emit.<Continuation>.invokeSuspend' type=com.tbc.core.presentation.extension.CollectSideEffectKt.collectEvent.<no name provided>.invokeSuspend.<no name provided>.invokeSuspend.<no name provided>.emit.<Continuation> origin=null
                                            ARG it: CONST Null type=kotlin.Any? value=null
                                            ARG $completion: GET_VAR '<this>: com.tbc.core.presentation.extension.CollectSideEffectKt.collectEvent.<no name provided>.invokeSuspend.<no name provided>.invokeSuspend.<no name provided>.emit.<Continuation> declared in com.tbc.core.presentation.extension.CollectSideEffectKt.collectEvent.<no name provided>.invokeSuspend.<no name provided>.invokeSuspend.<no name provided>.emit.<Continuation>.invokeSuspend' type=com.tbc.core.presentation.extension.CollectSideEffectKt.collectEvent.<no name provided>.invokeSuspend.<no name provided>.invokeSuspend.<no name provided>.emit.<Continuation> origin=null
                                  RETURN type=kotlin.Nothing from='public final fun emit (it: T of com.tbc.core.presentation.extension.CollectSideEffectKt.collectEvent, $completion: kotlin.coroutines.Continuation<kotlin.Unit>): kotlin.Any? [suspend] declared in com.tbc.core.presentation.extension.CollectSideEffectKt.collectEvent.<no name provided>.invokeSuspend.<no name provided>.invokeSuspend.<no name provided>'
                                    CALL 'public abstract fun invoke (p1: P1 of kotlin.coroutines.SuspendFunction1, $completion: kotlin.Any?): kotlin.Any? [suspend,operator] declared in kotlin.coroutines.SuspendFunction1' type=kotlin.Unit origin=null
                                      ARG <this>: GET_FIELD 'FIELD FIELD_FOR_CAPTURED_VALUE name:$action type:kotlin.coroutines.SuspendFunction1<T of com.tbc.core.presentation.extension.CollectSideEffectKt.collectEvent, kotlin.Unit> visibility:public/*package*/ [final] declared in com.tbc.core.presentation.extension.CollectSideEffectKt.collectEvent.<no name provided>.invokeSuspend.<no name provided>.invokeSuspend.<no name provided>' type=kotlin.coroutines.SuspendFunction1<T of com.tbc.core.presentation.extension.CollectSideEffectKt.collectEvent, kotlin.Unit> origin=null
                                        receiver: GET_VAR '<this>: com.tbc.core.presentation.extension.CollectSideEffectKt.collectEvent.<no name provided>.invokeSuspend.<no name provided>.invokeSuspend.<no name provided><T of com.tbc.core.presentation.extension.CollectSideEffectKt.collectEvent.<no name provided>.invokeSuspend.<no name provided>.invokeSuspend.<no name provided>> declared in com.tbc.core.presentation.extension.CollectSideEffectKt.collectEvent.<no name provided>.invokeSuspend.<no name provided>.invokeSuspend.<no name provided>.emit' type=com.tbc.core.presentation.extension.CollectSideEffectKt.collectEvent.<no name provided>.invokeSuspend.<no name provided>.invokeSuspend.<no name provided><T of com.tbc.core.presentation.extension.CollectSideEffectKt.collectEvent.<no name provided>.invokeSuspend.<no name provided>.invokeSuspend.<no name provided>> origin=null
                                      ARG p1: GET_VAR 'it: T of com.tbc.core.presentation.extension.CollectSideEffectKt.collectEvent declared in com.tbc.core.presentation.extension.CollectSideEffectKt.collectEvent.<no name provided>.invokeSuspend.<no name provided>.invokeSuspend.<no name provided>.emit' type=T of com.tbc.core.presentation.extension.CollectSideEffectKt.collectEvent origin=null
                                      ARG $completion: GET_VAR '$completion: kotlin.coroutines.Continuation<kotlin.Unit> declared in com.tbc.core.presentation.extension.CollectSideEffectKt.collectEvent.<no name provided>.invokeSuspend.<no name provided>.invokeSuspend.<no name provided>.emit' type=kotlin.coroutines.Continuation<kotlin.Unit> origin=null
                              FUN FAKE_OVERRIDE name:equals visibility:public modality:OPEN returnType:kotlin.Boolean [fake_override,operator]
                                VALUE_PARAMETER kind:DispatchReceiver name:<this> index:0 type:kotlin.Any
                                VALUE_PARAMETER kind:Regular name:other index:1 type:kotlin.Any?
                                overridden:
                                  public open fun equals (other: kotlin.Any?): kotlin.Boolean [fake_override,operator] declared in kotlinx.coroutines.flow.FlowCollector
                              FUN FAKE_OVERRIDE name:hashCode visibility:public modality:OPEN returnType:kotlin.Int [fake_override]
                                VALUE_PARAMETER kind:DispatchReceiver name:<this> index:0 type:kotlin.Any
                                overridden:
                                  public open fun hashCode (): kotlin.Int [fake_override] declared in kotlinx.coroutines.flow.FlowCollector
                              FUN FAKE_OVERRIDE name:toString visibility:public modality:OPEN returnType:kotlin.String [fake_override]
                                VALUE_PARAMETER kind:DispatchReceiver name:<this> index:0 type:kotlin.Any
                                overridden:
                                  public open fun toString (): kotlin.String [fake_override] declared in kotlinx.coroutines.flow.FlowCollector
                              FIELD FIELD_FOR_CAPTURED_VALUE name:$action type:kotlin.coroutines.SuspendFunction1<T of com.tbc.core.presentation.extension.CollectSideEffectKt.collectEvent, kotlin.Unit> visibility:public/*package*/ [final]
                            CONSTRUCTOR_CALL 'public/*package*/ constructor <init> ($action: kotlin.coroutines.SuspendFunction1<T of com.tbc.core.presentation.extension.CollectSideEffectKt.collectEvent, kotlin.Unit>) [primary] declared in com.tbc.core.presentation.extension.CollectSideEffectKt.collectEvent.<no name provided>.invokeSuspend.<no name provided>.invokeSuspend.<no name provided>' type=com.tbc.core.presentation.extension.CollectSideEffectKt.collectEvent.<no name provided>.invokeSuspend.<no name provided>.invokeSuspend.<no name provided><T of com.tbc.core.presentation.extension.CollectSideEffectKt.collectEvent.<no name provided>.invokeSuspend.<no name provided>.invokeSuspend.<no name provided>> origin=null
                              TYPE_ARG (of class) T: <none>
                              ARG $action: GET_FIELD 'FIELD FIELD_FOR_CAPTURED_VALUE name:$action type:kotlin.coroutines.SuspendFunction1<T of com.tbc.core.presentation.extension.CollectSideEffectKt.collectEvent, kotlin.Unit> visibility:public/*package*/ [final] declared in com.tbc.core.presentation.extension.CollectSideEffectKt.collectEvent.<no name provided>.invokeSuspend.<no name provided>' type=kotlin.coroutines.SuspendFunction1<T of com.tbc.core.presentation.extension.CollectSideEffectKt.collectEvent, kotlin.Unit> origin=null
                                receiver: GET_VAR '<this>: com.tbc.core.presentation.extension.CollectSideEffectKt.collectEvent.<no name provided>.invokeSuspend.<no name provided> declared in com.tbc.core.presentation.extension.CollectSideEffectKt.collectEvent.<no name provided>.invokeSuspend.<no name provided>.invokeSuspend' type=com.tbc.core.presentation.extension.CollectSideEffectKt.collectEvent.<no name provided>.invokeSuspend.<no name provided> origin=null
                          ARG $completion: GET_VAR '<this>: com.tbc.core.presentation.extension.CollectSideEffectKt.collectEvent.<no name provided>.invokeSuspend.<no name provided> declared in com.tbc.core.presentation.extension.CollectSideEffectKt.collectEvent.<no name provided>.invokeSuspend.<no name provided>.invokeSuspend' type=com.tbc.core.presentation.extension.CollectSideEffectKt.collectEvent.<no name provided>.invokeSuspend.<no name provided> origin=null
                    FUN name:create visibility:public modality:FINAL returnType:kotlin.coroutines.Continuation<kotlin.Unit>
                      VALUE_PARAMETER INSTANCE_RECEIVER kind:DispatchReceiver name:<this> index:0 type:com.tbc.core.presentation.extension.CollectSideEffectKt.collectEvent.<no name provided>.invokeSuspend.<no name provided>
                      VALUE_PARAMETER kind:Regular name:value index:1 type:kotlin.Any?
                      VALUE_PARAMETER kind:Regular name:$completion index:2 type:kotlin.coroutines.Continuation<kotlin.Nothing>
                      overridden:
                        public open fun create (value: kotlin.Any?, $completion: kotlin.coroutines.Continuation<kotlin.Nothing>): kotlin.coroutines.Continuation<kotlin.Unit> declared in kotlin.coroutines.jvm.internal.SuspendLambda
                      BLOCK_BODY
                        RETURN type=kotlin.Nothing from='public final fun create (value: kotlin.Any?, $completion: kotlin.coroutines.Continuation<kotlin.Nothing>): kotlin.coroutines.Continuation<kotlin.Unit> declared in com.tbc.core.presentation.extension.CollectSideEffectKt.collectEvent.<no name provided>.invokeSuspend.<no name provided>'
                          CONSTRUCTOR_CALL 'public/*package*/ constructor <init> ($this_collectEvent: kotlinx.coroutines.flow.Flow<T of com.tbc.core.presentation.extension.CollectSideEffectKt.collectEvent>, $action: kotlin.coroutines.SuspendFunction1<T of com.tbc.core.presentation.extension.CollectSideEffectKt.collectEvent, kotlin.Unit>, $completion: kotlin.coroutines.Continuation<com.tbc.core.presentation.extension.CollectSideEffectKt.collectEvent.<no name provided>.invokeSuspend.<no name provided>>?) [primary] declared in com.tbc.core.presentation.extension.CollectSideEffectKt.collectEvent.<no name provided>.invokeSuspend.<no name provided>' type=com.tbc.core.presentation.extension.CollectSideEffectKt.collectEvent.<no name provided>.invokeSuspend.<no name provided> origin=null
                            ARG $this_collectEvent: GET_FIELD 'FIELD FIELD_FOR_CAPTURED_VALUE name:$this_collectEvent type:kotlinx.coroutines.flow.Flow<T of com.tbc.core.presentation.extension.CollectSideEffectKt.collectEvent> visibility:public/*package*/ [final] declared in com.tbc.core.presentation.extension.CollectSideEffectKt.collectEvent.<no name provided>.invokeSuspend.<no name provided>' type=kotlinx.coroutines.flow.Flow<T of com.tbc.core.presentation.extension.CollectSideEffectKt.collectEvent> origin=null
                              receiver: GET_VAR '<this>: com.tbc.core.presentation.extension.CollectSideEffectKt.collectEvent.<no name provided>.invokeSuspend.<no name provided> declared in com.tbc.core.presentation.extension.CollectSideEffectKt.collectEvent.<no name provided>.invokeSuspend.<no name provided>.create' type=com.tbc.core.presentation.extension.CollectSideEffectKt.collectEvent.<no name provided>.invokeSuspend.<no name provided> origin=null
                            ARG $action: GET_FIELD 'FIELD FIELD_FOR_CAPTURED_VALUE name:$action type:kotlin.coroutines.SuspendFunction1<T of com.tbc.core.presentation.extension.CollectSideEffectKt.collectEvent, kotlin.Unit> visibility:public/*package*/ [final] declared in com.tbc.core.presentation.extension.CollectSideEffectKt.collectEvent.<no name provided>.invokeSuspend.<no name provided>' type=kotlin.coroutines.SuspendFunction1<T of com.tbc.core.presentation.extension.CollectSideEffectKt.collectEvent, kotlin.Unit> origin=null
                              receiver: GET_VAR '<this>: com.tbc.core.presentation.extension.CollectSideEffectKt.collectEvent.<no name provided>.invokeSuspend.<no name provided> declared in com.tbc.core.presentation.extension.CollectSideEffectKt.collectEvent.<no name provided>.invokeSuspend.<no name provided>.create' type=com.tbc.core.presentation.extension.CollectSideEffectKt.collectEvent.<no name provided>.invokeSuspend.<no name provided> origin=null
                            ARG $completion: GET_VAR '$completion: kotlin.coroutines.Continuation<kotlin.Nothing> declared in com.tbc.core.presentation.extension.CollectSideEffectKt.collectEvent.<no name provided>.invokeSuspend.<no name provided>.create' type=kotlin.coroutines.Continuation<kotlin.Nothing> origin=null
                    FUN name:invoke visibility:public modality:FINAL returnType:kotlin.Any?
                      VALUE_PARAMETER INSTANCE_RECEIVER kind:DispatchReceiver name:<this> index:0 type:com.tbc.core.presentation.extension.CollectSideEffectKt.collectEvent.<no name provided>.invokeSuspend.<no name provided>
                      VALUE_PARAMETER kind:Regular name:p1 index:1 type:kotlinx.coroutines.CoroutineScope
                      VALUE_PARAMETER kind:Regular name:p2 index:2 type:kotlin.coroutines.Continuation<kotlin.Unit>?
                      overridden:
                        public abstract fun invoke (p1: P1 of kotlin.jvm.functions.Function2, p2: P2 of kotlin.jvm.functions.Function2): R of kotlin.jvm.functions.Function2 declared in kotlin.jvm.functions.Function2
                      BLOCK_BODY
                        RETURN type=kotlin.Nothing from='public final fun invoke (p1: kotlinx.coroutines.CoroutineScope, p2: kotlin.coroutines.Continuation<kotlin.Unit>?): kotlin.Any? declared in com.tbc.core.presentation.extension.CollectSideEffectKt.collectEvent.<no name provided>.invokeSuspend.<no name provided>'
                          CALL 'public final fun invokeSuspend ($result: kotlin.Result<kotlin.Any?>): kotlin.Any? declared in com.tbc.core.presentation.extension.CollectSideEffectKt.collectEvent.<no name provided>.invokeSuspend.<no name provided>' type=kotlin.Any? origin=null
                            ARG <this>: TYPE_OP type=com.tbc.core.presentation.extension.CollectSideEffectKt.collectEvent.<no name provided>.invokeSuspend.<no name provided> origin=IMPLICIT_CAST typeOperand=com.tbc.core.presentation.extension.CollectSideEffectKt.collectEvent.<no name provided>.invokeSuspend.<no name provided>
                              CALL 'public final fun create (value: kotlin.Any?, $completion: kotlin.coroutines.Continuation<kotlin.Nothing>): kotlin.coroutines.Continuation<kotlin.Unit> declared in com.tbc.core.presentation.extension.CollectSideEffectKt.collectEvent.<no name provided>.invokeSuspend.<no name provided>' type=kotlin.coroutines.Continuation<kotlin.Unit> origin=null
                                ARG <this>: GET_VAR '<this>: com.tbc.core.presentation.extension.CollectSideEffectKt.collectEvent.<no name provided>.invokeSuspend.<no name provided> declared in com.tbc.core.presentation.extension.CollectSideEffectKt.collectEvent.<no name provided>.invokeSuspend.<no name provided>.invoke' type=com.tbc.core.presentation.extension.CollectSideEffectKt.collectEvent.<no name provided>.invokeSuspend.<no name provided> origin=null
                                ARG value: GET_VAR 'p1: kotlinx.coroutines.CoroutineScope declared in com.tbc.core.presentation.extension.CollectSideEffectKt.collectEvent.<no name provided>.invokeSuspend.<no name provided>.invoke' type=kotlinx.coroutines.CoroutineScope origin=null
                                ARG $completion: GET_VAR 'p2: kotlin.coroutines.Continuation<kotlin.Unit>? declared in com.tbc.core.presentation.extension.CollectSideEffectKt.collectEvent.<no name provided>.invokeSuspend.<no name provided>.invoke' type=kotlin.coroutines.Continuation<kotlin.Unit>? origin=null
                            ARG $result: CALL 'public final fun <unsafe-coerce> <T, R> (v: T of kotlin.jvm.internal.<unsafe-coerce>): R of kotlin.jvm.internal.<unsafe-coerce> declared in kotlin.jvm.internal' type=kotlin.Result<kotlin.Any?> origin=null
                              TYPE_ARG T: kotlin.Any?
                              TYPE_ARG R: kotlin.Result<kotlin.Any?>
                              ARG v: GET_FIELD 'FIELD FIELD_FOR_OBJECT_INSTANCE name:INSTANCE type:kotlin.Unit visibility:public [final,static] declared in kotlin.Unit' type=kotlin.Unit origin=null
                    FIELD FIELD_FOR_CAPTURED_VALUE name:$this_collectEvent type:kotlinx.coroutines.flow.Flow<T of com.tbc.core.presentation.extension.CollectSideEffectKt.collectEvent> visibility:public/*package*/ [final]
                    FIELD FIELD_FOR_CAPTURED_VALUE name:$action type:kotlin.coroutines.SuspendFunction1<T of com.tbc.core.presentation.extension.CollectSideEffectKt.collectEvent, kotlin.Unit> visibility:public/*package*/ [final]
                    FUN BRIDGE name:invoke visibility:public modality:OPEN returnType:kotlin.Any?
                      VALUE_PARAMETER INSTANCE_RECEIVER kind:DispatchReceiver name:<this> index:0 type:com.tbc.core.presentation.extension.CollectSideEffectKt.collectEvent.<no name provided>.invokeSuspend.<no name provided>
                      VALUE_PARAMETER BRIDGE kind:Regular name:p1 index:1 type:kotlin.Any?
                      VALUE_PARAMETER BRIDGE kind:Regular name:p2 index:2 type:kotlin.Any?
                      EXPRESSION_BODY
                        RETURN type=kotlin.Nothing from='public open fun invoke (p1: kotlin.Any?, p2: kotlin.Any?): kotlin.Any? declared in com.tbc.core.presentation.extension.CollectSideEffectKt.collectEvent.<no name provided>.invokeSuspend.<no name provided>'
                          CALL 'public final fun invoke (p1: kotlinx.coroutines.CoroutineScope, p2: kotlin.coroutines.Continuation<kotlin.Unit>?): kotlin.Any? declared in com.tbc.core.presentation.extension.CollectSideEffectKt.collectEvent.<no name provided>.invokeSuspend.<no name provided>' type=kotlin.Any? origin=BRIDGE_DELEGATION
                            ARG <this>: GET_VAR '<this>: com.tbc.core.presentation.extension.CollectSideEffectKt.collectEvent.<no name provided>.invokeSuspend.<no name provided> declared in com.tbc.core.presentation.extension.CollectSideEffectKt.collectEvent.<no name provided>.invokeSuspend.<no name provided>.invoke' type=com.tbc.core.presentation.extension.CollectSideEffectKt.collectEvent.<no name provided>.invokeSuspend.<no name provided> origin=null
                            ARG p1: TYPE_OP type=kotlinx.coroutines.CoroutineScope origin=IMPLICIT_CAST typeOperand=kotlinx.coroutines.CoroutineScope
                              GET_VAR 'p1: kotlin.Any? declared in com.tbc.core.presentation.extension.CollectSideEffectKt.collectEvent.<no name provided>.invokeSuspend.<no name provided>.invoke' type=kotlin.Any? origin=null
                            ARG p2: TYPE_OP type=kotlin.coroutines.Continuation<*> origin=IMPLICIT_CAST typeOperand=kotlin.coroutines.Continuation<*>
                              GET_VAR 'p2: kotlin.Any? declared in com.tbc.core.presentation.extension.CollectSideEffectKt.collectEvent.<no name provided>.invokeSuspend.<no name provided>.invoke' type=kotlin.Any? origin=null
                  CONSTRUCTOR_CALL 'public/*package*/ constructor <init> ($this_collectEvent: kotlinx.coroutines.flow.Flow<T of com.tbc.core.presentation.extension.CollectSideEffectKt.collectEvent>, $action: kotlin.coroutines.SuspendFunction1<T of com.tbc.core.presentation.extension.CollectSideEffectKt.collectEvent, kotlin.Unit>, $completion: kotlin.coroutines.Continuation<com.tbc.core.presentation.extension.CollectSideEffectKt.collectEvent.<no name provided>.invokeSuspend.<no name provided>>?) [primary] declared in com.tbc.core.presentation.extension.CollectSideEffectKt.collectEvent.<no name provided>.invokeSuspend.<no name provided>' type=com.tbc.core.presentation.extension.CollectSideEffectKt.collectEvent.<no name provided>.invokeSuspend.<no name provided> origin=null
                    ARG $this_collectEvent: GET_FIELD 'FIELD FIELD_FOR_CAPTURED_VALUE name:$this_collectEvent type:kotlinx.coroutines.flow.Flow<T of com.tbc.core.presentation.extension.CollectSideEffectKt.collectEvent> visibility:public/*package*/ [final] declared in com.tbc.core.presentation.extension.CollectSideEffectKt.collectEvent.<no name provided>' type=kotlinx.coroutines.flow.Flow<T of com.tbc.core.presentation.extension.CollectSideEffectKt.collectEvent> origin=null
                      receiver: GET_VAR '<this>: com.tbc.core.presentation.extension.CollectSideEffectKt.collectEvent.<no name provided> declared in com.tbc.core.presentation.extension.CollectSideEffectKt.collectEvent.<no name provided>.invokeSuspend' type=com.tbc.core.presentation.extension.CollectSideEffectKt.collectEvent.<no name provided> origin=null
                    ARG $action: GET_FIELD 'FIELD FIELD_FOR_CAPTURED_VALUE name:$action type:kotlin.coroutines.SuspendFunction1<T of com.tbc.core.presentation.extension.CollectSideEffectKt.collectEvent, kotlin.Unit> visibility:public/*package*/ [final] declared in com.tbc.core.presentation.extension.CollectSideEffectKt.collectEvent.<no name provided>' type=kotlin.coroutines.SuspendFunction1<T of com.tbc.core.presentation.extension.CollectSideEffectKt.collectEvent, kotlin.Unit> origin=null
                      receiver: GET_VAR '<this>: com.tbc.core.presentation.extension.CollectSideEffectKt.collectEvent.<no name provided> declared in com.tbc.core.presentation.extension.CollectSideEffectKt.collectEvent.<no name provided>.invokeSuspend' type=com.tbc.core.presentation.extension.CollectSideEffectKt.collectEvent.<no name provided> origin=null
                    ARG $completion: CONST Null type=kotlin.Nothing? value=null
                ARG $completion: GET_VAR '<this>: com.tbc.core.presentation.extension.CollectSideEffectKt.collectEvent.<no name provided> declared in com.tbc.core.presentation.extension.CollectSideEffectKt.collectEvent.<no name provided>.invokeSuspend' type=com.tbc.core.presentation.extension.CollectSideEffectKt.collectEvent.<no name provided> origin=null
          FUN name:create visibility:public modality:FINAL returnType:kotlin.coroutines.Continuation<kotlin.Unit>
            VALUE_PARAMETER INSTANCE_RECEIVER kind:DispatchReceiver name:<this> index:0 type:com.tbc.core.presentation.extension.CollectSideEffectKt.collectEvent.<no name provided>
            VALUE_PARAMETER kind:Regular name:value index:1 type:kotlin.Any?
            VALUE_PARAMETER kind:Regular name:$completion index:2 type:kotlin.coroutines.Continuation<kotlin.Nothing>
            overridden:
              public open fun create (value: kotlin.Any?, $completion: kotlin.coroutines.Continuation<kotlin.Nothing>): kotlin.coroutines.Continuation<kotlin.Unit> declared in kotlin.coroutines.jvm.internal.SuspendLambda
            BLOCK_BODY
              RETURN type=kotlin.Nothing from='public final fun create (value: kotlin.Any?, $completion: kotlin.coroutines.Continuation<kotlin.Nothing>): kotlin.coroutines.Continuation<kotlin.Unit> declared in com.tbc.core.presentation.extension.CollectSideEffectKt.collectEvent.<no name provided>'
                CONSTRUCTOR_CALL 'public/*package*/ constructor <init> ($lifecycleOwner: androidx.lifecycle.LifecycleOwner, $lifecycleState: androidx.lifecycle.Lifecycle.State, $this_collectEvent: kotlinx.coroutines.flow.Flow<T of com.tbc.core.presentation.extension.CollectSideEffectKt.collectEvent>, $action: kotlin.coroutines.SuspendFunction1<T of com.tbc.core.presentation.extension.CollectSideEffectKt.collectEvent, kotlin.Unit>, $completion: kotlin.coroutines.Continuation<com.tbc.core.presentation.extension.CollectSideEffectKt.collectEvent.<no name provided>>?) [primary] declared in com.tbc.core.presentation.extension.CollectSideEffectKt.collectEvent.<no name provided>' type=com.tbc.core.presentation.extension.CollectSideEffectKt.collectEvent.<no name provided> origin=null
                  ARG $lifecycleOwner: GET_FIELD 'FIELD FIELD_FOR_CAPTURED_VALUE name:$lifecycleOwner type:androidx.lifecycle.LifecycleOwner visibility:public/*package*/ [final] declared in com.tbc.core.presentation.extension.CollectSideEffectKt.collectEvent.<no name provided>' type=androidx.lifecycle.LifecycleOwner origin=null
                    receiver: GET_VAR '<this>: com.tbc.core.presentation.extension.CollectSideEffectKt.collectEvent.<no name provided> declared in com.tbc.core.presentation.extension.CollectSideEffectKt.collectEvent.<no name provided>.create' type=com.tbc.core.presentation.extension.CollectSideEffectKt.collectEvent.<no name provided> origin=null
                  ARG $lifecycleState: GET_FIELD 'FIELD FIELD_FOR_CAPTURED_VALUE name:$lifecycleState type:androidx.lifecycle.Lifecycle.State visibility:public/*package*/ [final] declared in com.tbc.core.presentation.extension.CollectSideEffectKt.collectEvent.<no name provided>' type=androidx.lifecycle.Lifecycle.State origin=null
                    receiver: GET_VAR '<this>: com.tbc.core.presentation.extension.CollectSideEffectKt.collectEvent.<no name provided> declared in com.tbc.core.presentation.extension.CollectSideEffectKt.collectEvent.<no name provided>.create' type=com.tbc.core.presentation.extension.CollectSideEffectKt.collectEvent.<no name provided> origin=null
                  ARG $this_collectEvent: GET_FIELD 'FIELD FIELD_FOR_CAPTURED_VALUE name:$this_collectEvent type:kotlinx.coroutines.flow.Flow<T of com.tbc.core.presentation.extension.CollectSideEffectKt.collectEvent> visibility:public/*package*/ [final] declared in com.tbc.core.presentation.extension.CollectSideEffectKt.collectEvent.<no name provided>' type=kotlinx.coroutines.flow.Flow<T of com.tbc.core.presentation.extension.CollectSideEffectKt.collectEvent> origin=null
                    receiver: GET_VAR '<this>: com.tbc.core.presentation.extension.CollectSideEffectKt.collectEvent.<no name provided> declared in com.tbc.core.presentation.extension.CollectSideEffectKt.collectEvent.<no name provided>.create' type=com.tbc.core.presentation.extension.CollectSideEffectKt.collectEvent.<no name provided> origin=null
                  ARG $action: GET_FIELD 'FIELD FIELD_FOR_CAPTURED_VALUE name:$action type:kotlin.coroutines.SuspendFunction1<T of com.tbc.core.presentation.extension.CollectSideEffectKt.collectEvent, kotlin.Unit> visibility:public/*package*/ [final] declared in com.tbc.core.presentation.extension.CollectSideEffectKt.collectEvent.<no name provided>' type=kotlin.coroutines.SuspendFunction1<T of com.tbc.core.presentation.extension.CollectSideEffectKt.collectEvent, kotlin.Unit> origin=null
                    receiver: GET_VAR '<this>: com.tbc.core.presentation.extension.CollectSideEffectKt.collectEvent.<no name provided> declared in com.tbc.core.presentation.extension.CollectSideEffectKt.collectEvent.<no name provided>.create' type=com.tbc.core.presentation.extension.CollectSideEffectKt.collectEvent.<no name provided> origin=null
                  ARG $completion: GET_VAR '$completion: kotlin.coroutines.Continuation<kotlin.Nothing> declared in com.tbc.core.presentation.extension.CollectSideEffectKt.collectEvent.<no name provided>.create' type=kotlin.coroutines.Continuation<kotlin.Nothing> origin=null
          FUN name:invoke visibility:public modality:FINAL returnType:kotlin.Any?
            VALUE_PARAMETER INSTANCE_RECEIVER kind:DispatchReceiver name:<this> index:0 type:com.tbc.core.presentation.extension.CollectSideEffectKt.collectEvent.<no name provided>
            VALUE_PARAMETER kind:Regular name:p1 index:1 type:kotlinx.coroutines.CoroutineScope
            VALUE_PARAMETER kind:Regular name:p2 index:2 type:kotlin.coroutines.Continuation<kotlin.Unit>?
            overridden:
              public abstract fun invoke (p1: P1 of kotlin.jvm.functions.Function2, p2: P2 of kotlin.jvm.functions.Function2): R of kotlin.jvm.functions.Function2 declared in kotlin.jvm.functions.Function2
            BLOCK_BODY
              RETURN type=kotlin.Nothing from='public final fun invoke (p1: kotlinx.coroutines.CoroutineScope, p2: kotlin.coroutines.Continuation<kotlin.Unit>?): kotlin.Any? declared in com.tbc.core.presentation.extension.CollectSideEffectKt.collectEvent.<no name provided>'
                CALL 'public final fun invokeSuspend ($result: kotlin.Result<kotlin.Any?>): kotlin.Any? declared in com.tbc.core.presentation.extension.CollectSideEffectKt.collectEvent.<no name provided>' type=kotlin.Any? origin=null
                  ARG <this>: TYPE_OP type=com.tbc.core.presentation.extension.CollectSideEffectKt.collectEvent.<no name provided> origin=IMPLICIT_CAST typeOperand=com.tbc.core.presentation.extension.CollectSideEffectKt.collectEvent.<no name provided>
                    CALL 'public final fun create (value: kotlin.Any?, $completion: kotlin.coroutines.Continuation<kotlin.Nothing>): kotlin.coroutines.Continuation<kotlin.Unit> declared in com.tbc.core.presentation.extension.CollectSideEffectKt.collectEvent.<no name provided>' type=kotlin.coroutines.Continuation<kotlin.Unit> origin=null
                      ARG <this>: GET_VAR '<this>: com.tbc.core.presentation.extension.CollectSideEffectKt.collectEvent.<no name provided> declared in com.tbc.core.presentation.extension.CollectSideEffectKt.collectEvent.<no name provided>.invoke' type=com.tbc.core.presentation.extension.CollectSideEffectKt.collectEvent.<no name provided> origin=null
                      ARG value: GET_VAR 'p1: kotlinx.coroutines.CoroutineScope declared in com.tbc.core.presentation.extension.CollectSideEffectKt.collectEvent.<no name provided>.invoke' type=kotlinx.coroutines.CoroutineScope origin=null
                      ARG $completion: GET_VAR 'p2: kotlin.coroutines.Continuation<kotlin.Unit>? declared in com.tbc.core.presentation.extension.CollectSideEffectKt.collectEvent.<no name provided>.invoke' type=kotlin.coroutines.Continuation<kotlin.Unit>? origin=null
                  ARG $result: CALL 'public final fun <unsafe-coerce> <T, R> (v: T of kotlin.jvm.internal.<unsafe-coerce>): R of kotlin.jvm.internal.<unsafe-coerce> declared in kotlin.jvm.internal' type=kotlin.Result<kotlin.Any?> origin=null
                    TYPE_ARG T: kotlin.Any?
                    TYPE_ARG R: kotlin.Result<kotlin.Any?>
                    ARG v: GET_FIELD 'FIELD FIELD_FOR_OBJECT_INSTANCE name:INSTANCE type:kotlin.Unit visibility:public [final,static] declared in kotlin.Unit' type=kotlin.Unit origin=null
          FIELD FIELD_FOR_CAPTURED_VALUE name:$lifecycleOwner type:androidx.lifecycle.LifecycleOwner visibility:public/*package*/ [final]
          FIELD FIELD_FOR_CAPTURED_VALUE name:$lifecycleState type:androidx.lifecycle.Lifecycle.State visibility:public/*package*/ [final]
          FIELD FIELD_FOR_CAPTURED_VALUE name:$this_collectEvent type:kotlinx.coroutines.flow.Flow<T of com.tbc.core.presentation.extension.CollectSideEffectKt.collectEvent> visibility:public/*package*/ [final]
          FIELD FIELD_FOR_CAPTURED_VALUE name:$action type:kotlin.coroutines.SuspendFunction1<T of com.tbc.core.presentation.extension.CollectSideEffectKt.collectEvent, kotlin.Unit> visibility:public/*package*/ [final]
          FUN BRIDGE name:invoke visibility:public modality:OPEN returnType:kotlin.Any?
            VALUE_PARAMETER INSTANCE_RECEIVER kind:DispatchReceiver name:<this> index:0 type:com.tbc.core.presentation.extension.CollectSideEffectKt.collectEvent.<no name provided>
            VALUE_PARAMETER BRIDGE kind:Regular name:p1 index:1 type:kotlin.Any?
            VALUE_PARAMETER BRIDGE kind:Regular name:p2 index:2 type:kotlin.Any?
            EXPRESSION_BODY
              RETURN type=kotlin.Nothing from='public open fun invoke (p1: kotlin.Any?, p2: kotlin.Any?): kotlin.Any? declared in com.tbc.core.presentation.extension.CollectSideEffectKt.collectEvent.<no name provided>'
                CALL 'public final fun invoke (p1: kotlinx.coroutines.CoroutineScope, p2: kotlin.coroutines.Continuation<kotlin.Unit>?): kotlin.Any? declared in com.tbc.core.presentation.extension.CollectSideEffectKt.collectEvent.<no name provided>' type=kotlin.Any? origin=BRIDGE_DELEGATION
                  ARG <this>: GET_VAR '<this>: com.tbc.core.presentation.extension.CollectSideEffectKt.collectEvent.<no name provided> declared in com.tbc.core.presentation.extension.CollectSideEffectKt.collectEvent.<no name provided>.invoke' type=com.tbc.core.presentation.extension.CollectSideEffectKt.collectEvent.<no name provided> origin=null
                  ARG p1: TYPE_OP type=kotlinx.coroutines.CoroutineScope origin=IMPLICIT_CAST typeOperand=kotlinx.coroutines.CoroutineScope
                    GET_VAR 'p1: kotlin.Any? declared in com.tbc.core.presentation.extension.CollectSideEffectKt.collectEvent.<no name provided>.invoke' type=kotlin.Any? origin=null
                  ARG p2: TYPE_OP type=kotlin.coroutines.Continuation<*> origin=IMPLICIT_CAST typeOperand=kotlin.coroutines.Continuation<*>
                    GET_VAR 'p2: kotlin.Any? declared in com.tbc.core.presentation.extension.CollectSideEffectKt.collectEvent.<no name provided>.invoke' type=kotlin.Any? origin=null
        CONSTRUCTOR_CALL 'public/*package*/ constructor <init> ($lifecycleOwner: androidx.lifecycle.LifecycleOwner, $lifecycleState: androidx.lifecycle.Lifecycle.State, $this_collectEvent: kotlinx.coroutines.flow.Flow<T of com.tbc.core.presentation.extension.CollectSideEffectKt.collectEvent>, $action: kotlin.coroutines.SuspendFunction1<T of com.tbc.core.presentation.extension.CollectSideEffectKt.collectEvent, kotlin.Unit>, $completion: kotlin.coroutines.Continuation<com.tbc.core.presentation.extension.CollectSideEffectKt.collectEvent.<no name provided>>?) [primary] declared in com.tbc.core.presentation.extension.CollectSideEffectKt.collectEvent.<no name provided>' type=com.tbc.core.presentation.extension.CollectSideEffectKt.collectEvent.<no name provided> origin=null
          ARG $lifecycleOwner: GET_VAR 'val lifecycleOwner: androidx.lifecycle.LifecycleOwner [val] declared in com.tbc.core.presentation.extension.CollectSideEffectKt.collectEvent' type=androidx.lifecycle.LifecycleOwner origin=null
          ARG $lifecycleState: GET_VAR 'lifecycleState: androidx.lifecycle.Lifecycle.State declared in com.tbc.core.presentation.extension.CollectSideEffectKt.collectEvent' type=androidx.lifecycle.Lifecycle.State origin=null
          ARG $this_collectEvent: GET_VAR '<this>: kotlinx.coroutines.flow.Flow<T of com.tbc.core.presentation.extension.CollectSideEffectKt.collectEvent> declared in com.tbc.core.presentation.extension.CollectSideEffectKt.collectEvent' type=kotlinx.coroutines.flow.Flow<T of com.tbc.core.presentation.extension.CollectSideEffectKt.collectEvent> origin=null
          ARG $action: GET_VAR 'action: kotlin.coroutines.SuspendFunction1<T of com.tbc.core.presentation.extension.CollectSideEffectKt.collectEvent, kotlin.Unit> declared in com.tbc.core.presentation.extension.CollectSideEffectKt.collectEvent' type=kotlin.coroutines.SuspendFunction1<T of com.tbc.core.presentation.extension.CollectSideEffectKt.collectEvent, kotlin.Unit> origin=null
          ARG $completion: CONST Null type=kotlin.Nothing? value=null

	at org.jetbrains.kotlin.backend.jvm.codegen.FunctionCodegen.generate(FunctionCodegen.kt:53)
	at org.jetbrains.kotlin.backend.jvm.codegen.FunctionCodegen.generate$default(FunctionCodegen.kt:46)
	at org.jetbrains.kotlin.backend.jvm.codegen.ClassCodegen.generateMethodNode(ClassCodegen.kt:422)
	at org.jetbrains.kotlin.backend.jvm.codegen.ClassCodegen.generateMethod(ClassCodegen.kt:439)
	at org.jetbrains.kotlin.backend.jvm.codegen.ClassCodegen.generate(ClassCodegen.kt:164)
	at org.jetbrains.kotlin.backend.jvm.JvmIrCodegenFactory.generateFile(JvmIrCodegenFactory.kt:446)
	at org.jetbrains.kotlin.backend.jvm.JvmIrCodegenFactory.invokeCodegen(JvmIrCodegenFactory.kt:413)
	at org.jetbrains.kotlin.cli.jvm.compiler.KotlinToJVMBytecodeCompiler.runCodegen$cli(KotlinToJVMBytecodeCompiler.kt:425)
	at org.jetbrains.kotlin.cli.pipeline.jvm.JvmBackendPipelinePhase.executePhase(JvmBackendPipelinePhase.kt:89)
	at org.jetbrains.kotlin.cli.pipeline.jvm.JvmBackendPipelinePhase.executePhase(JvmBackendPipelinePhase.kt:27)
	at org.jetbrains.kotlin.cli.pipeline.PipelinePhase.phaseBody(PipelinePhase.kt:68)
	at org.jetbrains.kotlin.cli.pipeline.PipelinePhase.phaseBody(PipelinePhase.kt:58)
	at org.jetbrains.kotlin.config.phaser.NamedCompilerPhase.invoke(CompilerPhase.kt:102)
	at org.jetbrains.kotlin.backend.common.phaser.CompositePhase.invoke(PhaseBuilders.kt:22)
	at org.jetbrains.kotlin.config.phaser.CompilerPhaseKt.invokeToplevel(CompilerPhase.kt:53)
	at org.jetbrains.kotlin.cli.pipeline.AbstractCliPipeline.runPhasedPipeline(AbstractCliPipeline.kt:109)
	at org.jetbrains.kotlin.cli.pipeline.AbstractCliPipeline.execute(AbstractCliPipeline.kt:68)
	at org.jetbrains.kotlin.cli.jvm.K2JVMCompiler.doExecutePhased(K2JVMCompiler.kt:79)
	at org.jetbrains.kotlin.cli.jvm.K2JVMCompiler.doExecutePhased(K2JVMCompiler.kt:45)
	at org.jetbrains.kotlin.cli.common.CLICompiler.execImpl(CLICompiler.kt:90)
	at org.jetbrains.kotlin.cli.common.CLICompiler.exec(CLICompiler.kt:352)
	at org.jetbrains.kotlin.incremental.IncrementalJvmCompilerRunnerBase.runCompiler(IncrementalJvmCompilerRunnerBase.kt:176)
	at org.jetbrains.kotlin.incremental.IncrementalJvmCompilerRunnerBase.runCompiler(IncrementalJvmCompilerRunnerBase.kt:39)
	at org.jetbrains.kotlin.incremental.IncrementalCompilerRunner.doCompile(IncrementalCompilerRunner.kt:499)
	at org.jetbrains.kotlin.incremental.IncrementalCompilerRunner.compileImpl(IncrementalCompilerRunner.kt:416)
	at org.jetbrains.kotlin.incremental.IncrementalCompilerRunner.compileNonIncrementally(IncrementalCompilerRunner.kt:301)
	at org.jetbrains.kotlin.incremental.IncrementalCompilerRunner.compile(IncrementalCompilerRunner.kt:128)
	at org.jetbrains.kotlin.daemon.CompileServiceImplBase.execIncrementalCompiler(CompileServiceImpl.kt:684)
	at org.jetbrains.kotlin.daemon.CompileServiceImplBase.access$execIncrementalCompiler(CompileServiceImpl.kt:94)
	at org.jetbrains.kotlin.daemon.CompileServiceImpl.compile(CompileServiceImpl.kt:1810)
	at java.base/jdk.internal.reflect.DirectMethodHandleAccessor.invoke(Unknown Source)
	at java.base/java.lang.reflect.Method.invoke(Unknown Source)
	at java.rmi/sun.rmi.server.UnicastServerRef.dispatch(Unknown Source)
	at java.rmi/sun.rmi.transport.Transport$1.run(Unknown Source)
	at java.rmi/sun.rmi.transport.Transport$1.run(Unknown Source)
	at java.base/java.security.AccessController.doPrivileged(Unknown Source)
	at java.rmi/sun.rmi.transport.Transport.serviceCall(Unknown Source)
	at java.rmi/sun.rmi.transport.tcp.TCPTransport.handleMessages(Unknown Source)
	at java.rmi/sun.rmi.transport.tcp.TCPTransport$ConnectionHandler.run0(Unknown Source)
	at java.rmi/sun.rmi.transport.tcp.TCPTransport$ConnectionHandler.lambda$run$0(Unknown Source)
	at java.base/java.security.AccessController.doPrivileged(Unknown Source)
	at java.rmi/sun.rmi.transport.tcp.TCPTransport$ConnectionHandler.run(Unknown Source)
	at java.base/java.util.concurrent.ThreadPoolExecutor.runWorker(Unknown Source)
	at java.base/java.util.concurrent.ThreadPoolExecutor$Worker.run(Unknown Source)
	at java.base/java.lang.Thread.run(Unknown Source)
Caused by: org.jetbrains.kotlin.codegen.CompilationException: Back-end (JVM) Internal error: Couldn't inline method call: CALL 'public final fun <get-current> (): T of androidx.compose.runtime.CompositionLocal [inline] declared in androidx.compose.runtime.CompositionLocal' type=androidx.lifecycle.LifecycleOwner origin=GET_PROPERTY
Method: null
File is unknown
The root cause java.lang.IllegalStateException was thrown at: org.jetbrains.kotlin.codegen.inline.SourceCompilerForInlineKt.getMethodNode(SourceCompilerForInline.kt:129)
	at org.jetbrains.kotlin.backend.jvm.codegen.IrInlineCodegen.genInlineCall(IrInlineCodegen.kt:82)
	at org.jetbrains.kotlin.backend.jvm.codegen.IrInlineCallGenerator.genCall(IrInlineCallGenerator.kt:36)
	at org.jetbrains.kotlin.backend.jvm.codegen.ExpressionCodegen.visitCall(ExpressionCodegen.kt:589)
	at org.jetbrains.kotlin.backend.jvm.codegen.ExpressionCodegen.visitCall(ExpressionCodegen.kt:134)
	at org.jetbrains.kotlin.ir.expressions.IrCall.accept(IrCall.kt:24)
	at org.jetbrains.kotlin.backend.jvm.codegen.ExpressionCodegen.visitVariable(ExpressionCodegen.kt:729)
	at org.jetbrains.kotlin.backend.jvm.codegen.ExpressionCodegen.visitVariable(ExpressionCodegen.kt:134)
	at org.jetbrains.kotlin.ir.declarations.IrVariable.accept(IrVariable.kt:36)
	at org.jetbrains.kotlin.backend.jvm.codegen.ExpressionCodegen.visitStatementContainer(ExpressionCodegen.kt:530)
	at org.jetbrains.kotlin.backend.jvm.codegen.ExpressionCodegen.visitBlockBody(ExpressionCodegen.kt:535)
	at org.jetbrains.kotlin.backend.jvm.codegen.ExpressionCodegen.visitBlockBody(ExpressionCodegen.kt:134)
	at org.jetbrains.kotlin.ir.expressions.IrBlockBody.accept(IrBlockBody.kt:20)
	at org.jetbrains.kotlin.backend.jvm.codegen.ExpressionCodegen.generate(ExpressionCodegen.kt:232)
	at org.jetbrains.kotlin.backend.jvm.codegen.FunctionCodegen.doGenerate(FunctionCodegen.kt:129)
	at org.jetbrains.kotlin.backend.jvm.codegen.FunctionCodegen.generate(FunctionCodegen.kt:50)
	... 44 more
Caused by: java.lang.IllegalStateException: couldn't find inline method Landroidx/compose/runtime/CompositionLocal;.getCurrent()Ljava/lang/Object;
	at org.jetbrains.kotlin.codegen.inline.SourceCompilerForInlineKt.getMethodNode(SourceCompilerForInline.kt:129)
	at org.jetbrains.kotlin.codegen.inline.SourceCompilerForInlineKt.loadCompiledInlineFunction$lambda$0(SourceCompilerForInline.kt:98)
	at org.jetbrains.kotlin.codegen.inline.InlineCache.computeMethodBytes(InlineCache.kt:90)
	at org.jetbrains.kotlin.codegen.inline.SourceCompilerForInlineKt.loadCompiledInlineFunction(SourceCompilerForInline.kt:93)
	at org.jetbrains.kotlin.backend.jvm.codegen.IrSourceCompilerForInline.compileInlineFunction(IrSourceCompilerForInline.kt:96)
	at org.jetbrains.kotlin.backend.jvm.codegen.IrInlineCodegen.genInlineCall(IrInlineCodegen.kt:65)
	... 58 more


